
 Start         Length     Name                   Class
 0001:00000000 0012D5BCH .text                   CODE
 0002:00000000 00053104H .data                   DATA
 0002:00053104 00190981H .bss                    BSS


Detailed map of segments

 0001:00000000 000034D4 C=CODE     S=.text    G=(none)   M=System   ACBP=A9
 0001:000034D4 00000164 C=CODE     S=.text    G=(none)   M=SysInit  ACBP=A9
 0001:00003638 00000038 C=CODE     S=.text    G=(none)   M=gossdat  ACBP=A9
 0001:00003670 000008D0 C=CODE     S=.text    G=(none)   M=gossnet  ACBP=A9
 0001:00003F40 00006E08 C=CODE     S=.text    G=(none)   M=main     ACBP=A9
 0001:0000AD48 000A2948 C=CODE     S=.text    G=(none)   M=gossgui  ACBP=A9
 0001:000AD690 00004A74 C=CODE     S=.text    G=(none)   M=gosssnd  ACBP=A9
 0001:000B2104 00034B94 C=CODE     S=.text    G=(none)   M=gossimg  ACBP=A9
 0001:000E6C98 00012C38 C=CODE     S=.text    G=(none)   M=gossjpg  ACBP=A9
 0001:000F98D0 0000BB8C C=CODE     S=.text    G=(none)   M=gossio   ACBP=A9
 0001:0010545C 00008E84 C=CODE     S=.text    G=(none)   M=gosszip  ACBP=A9
 0001:0010E2E0 0001D68C C=CODE     S=.text    G=(none)   M=gossroot ACBP=A9
 0001:0012B96C 00001B84 C=CODE     S=.text    G=(none)   M=gosswin  ACBP=A9
 0001:0012D4F0 000000C9 C=CODE     S=.text    G=(none)   M=Dougi    ACBP=A9
 0002:00000000 0000009A C=DATA     S=.data    G=DGROUP   M=System   ACBP=A9
 0002:0000009C 00000010 C=DATA     S=.data    G=DGROUP   M=SysInit  ACBP=A9
 0002:000000AC 0001BEE2 C=DATA     S=.data    G=DGROUP   M=gossdat  ACBP=A9
 0002:0001BF90 00000034 C=DATA     S=.data    G=DGROUP   M=gossnet  ACBP=A9
 0002:0001BFC4 00000008 C=DATA     S=.data    G=DGROUP   M=main     ACBP=A9
 0002:0001BFCC 00035A78 C=DATA     S=.data    G=DGROUP   M=gossgui  ACBP=A9
 0002:00051A44 0000003C C=DATA     S=.data    G=DGROUP   M=gosssnd  ACBP=A9
 0002:00051A80 000000E8 C=DATA     S=.data    G=DGROUP   M=gossimg  ACBP=A9
 0002:00051B68 000008F0 C=DATA     S=.data    G=DGROUP   M=gossjpg  ACBP=A9
 0002:00052458 0000002C C=DATA     S=.data    G=DGROUP   M=gossio   ACBP=A9
 0002:00052484 000006CC C=DATA     S=.data    G=DGROUP   M=gosszip  ACBP=A9
 0002:00052B50 000004A6 C=DATA     S=.data    G=DGROUP   M=gossroot ACBP=A9
 0002:00052FF8 00000030 C=DATA     S=.data    G=DGROUP   M=gosswin  ACBP=A9
 0002:00054000 00000498 C=BSS      S=.bss     G=DGROUP   M=System   ACBP=A9
 0002:00054498 00000018 C=BSS      S=.bss     G=DGROUP   M=SysInit  ACBP=A9
 0002:000544B0 00000004 C=BSS      S=.bss     G=DGROUP   M=gossdat  ACBP=A9
 0002:000544B4 00138864 C=BSS      S=.bss     G=DGROUP   M=gossnet  ACBP=A9
 0002:0018CD18 00000004 C=BSS      S=.bss     G=DGROUP   M=main     ACBP=A9
 0002:0018CD1C 00013FDC C=BSS      S=.bss     G=DGROUP   M=gossgui  ACBP=A9
 0002:001A0CF8 00002DD0 C=BSS      S=.bss     G=DGROUP   M=gosssnd  ACBP=A9
 0002:001A3AC8 00014960 C=BSS      S=.bss     G=DGROUP   M=gossimg  ACBP=A9
 0002:001B8428 00000004 C=BSS      S=.bss     G=DGROUP   M=gossjpg  ACBP=A9
 0002:001B842C 000035EC C=BSS      S=.bss     G=DGROUP   M=gossio   ACBP=A9
 0002:001BBA18 00001988 C=BSS      S=.bss     G=DGROUP   M=gosszip  ACBP=A9
 0002:001BD3A0 00027390 C=BSS      S=.bss     G=DGROUP   M=gossroot ACBP=A9
 0002:001E4730 00000250 C=BSS      S=.bss     G=DGROUP   M=gosswin  ACBP=A9


  Address         Publics by Name

 0001:00002990       @AddRef
 0001:000028E4       @AddRefArray
 0001:000028B8       @AddRefRecord
 0001:00003239       @Append
 0001:00001A28       @AsClass
 0001:00002FB2       @Assign
 0001:00001A50       @ClassCreate
 0001:00001A8C       @ClassDestroy
 0001:00003054       @Close
 0001:000016E4       @COS
 0001:000029B0       @Dispose
 0001:00001CE8       @DoneExcept
 0001:000017D0       @FillChar
 0001:000028AC       @Finalize
 0001:000027EC       @FinalizeArray
 0001:000027C0       @FinalizeRecord
 0001:0000302D       @Flush
 0001:0000171C       @FRAC
 0001:000014E8       @FreeMem
 0001:0000310A       @FSafeDivide
 0001:00003108       @FSafeDivideR
 0001:000014D0       @GetMem
 0001:0000354C       @GetTls
 0001:0000212C       @Halt
 0001:00002014       @Halt0
 0001:00001B7C       @HandleAnyException
 0001:00001C40       @HandleFinally
 0001:000035DC       @InitExe
 0001:000027B4       @Initialize
 0001:00002724       @InitializeArray
 0001:000026F8       @InitializeRecord
 0001:000016F4       @INT
 0001:00002DA4       @IntfAddRef
 0001:00002D78       @IntfCast
 0001:00002D60       @IntfClear
 0001:00001A10       @IsClass
 0001:00002470       @LStrAddRef
 0001:00002168       @LStrArrayClr
 0001:00002198       @LStrAsg
 0001:000022C4       @LStrCat
 0001:00002308       @LStrCat3
 0001:0000237C       @LStrCatN
 0001:00002144       @LStrClr
 0001:000023CC       @LStrCmp
 0001:000024C0       @LStrCopy
 0001:00002500       @LStrDelete
 0001:000022A4       @LStrFromArray
 0001:00002258       @LStrFromChar
 0001:00002268       @LStrFromPChar
 0001:00002228       @LStrFromPCharLen
 0001:00002298       @LStrFromString
 0001:000021DC       @LStrLAsg
 0001:000022BC       @LStrLen
 0001:00002548       @LStrSetLength
 0001:00002480       @LStrToPChar
 0001:0000299C       @New
 0001:00002204       @NewAnsiString
 0001:0000175C       @PStrCat
 0001:000017B4       @PStrCpy
 0001:00001784       @PStrNCat
 0001:00001C94       @RaiseAgain
 0001:00001C78       @RaiseExcept
 0001:000017F0       @RandInt
 0001:00001500       @ReallocMem
 0001:0000322B       @ResetText
 0001:00003232       @RewritText
 0001:00001738       @ROUND
 0001:00002138       @RunError
 0001:0000170C       @SIN
 0001:00001F60       @StartExe
 0001:00001740       @TRUNC
 0001:00001D18       @TryFinallyExit
 0001:00002A78       @VarAddRef
 0001:000029C8       @VarClear
 0001:00002A70       @VarClr
 0001:000029FC       @VarCopy
 0001:0000331F       @Write0Char
 0001:00003388       @Write0CString
 0001:000025AC       @Write0LString
 0001:000032E4       @Write0String
 0001:00003371       @WriteChar
 0001:0000338C       @WriteCString
 0001:0000330B       @WriteLn
 0001:000025B4       @WriteLString
 0001:000032EE       @WriteString
 0001:000026D8       @WStrAddRef
 0001:000025F4       @WStrArrayClr
 0001:000025DC       @WStrClr
 0001:000026B8       @WStrFromLStr
 0001:00002618       @WStrFromPCharLen
 0001:0000269C       @WStrFromPWCharLen
 0001:000026C8       @WStrToPWChar
 0001:00003008       @_Flush
 0001:00119364       add64
 0002:000543EC       AllocMemCount
 0002:000543F0       AllocMemSize
 0001:000C9BF8       ani__todata2
 0001:000C9C60       ani__todata3
 0001:000C9CE8       ani__todata4
 0001:000C9FC8       ani__todata5
 0002:00001250       apphelp
 0001:0011D5D4       app__activehandle
 0001:000F9AB0       app__bol
 0001:0011BDAC       app__boot
 0001:0011CAB0       app__cansetwindowalpha
 0001:0011B7D8       app__checkvars
 0001:00005404       app__create
 0001:0000EAF8       app__cursor
 0001:0000DB5C       app__cursorcolorinfo
 0001:0000EB9C       app__cursorReapply
 0001:0000EBDC       app__cursorsize
 0001:0000D9D0       app__cursorSoftsaveandload
 0001:0000544C       app__destroy
 0001:0011B698       app__eventproc
 0001:0011B1F0       app__filtersettings
 0001:00005488       app__findcustomtep
 0001:0011C968       app__firsttimer
 0001:0011AD48       app__folder
 0001:0011AD60       app__folder2
 0001:0011ADB8       app__folder3
 0001:0000EBB4       app__gui
 0001:0000EBC8       app__guiactive
 0001:0011BCFC       app__guimode
 0001:0011C784       app__halt
 0001:0011D5AC       app__handle
 0001:0011D5FC       app__hinstance
 0001:0012C00C       app__info
 0001:00004004       app__info
 0001:0010FC44       app__info
 0001:000F9A60       app__info
 0001:0000D7D8       app__info
 0001:0011C97C       app__lasttimer
 0001:0000E85C       app__loadcursor
 0001:0000E6C8       app__loadcursorinfo
 0001:0011B0D0       app__loadsettings
 0001:0011BD14       app__makeDPIaware
 0001:000054E0       app__onmessage
 0001:00005500       app__onpaint
 0001:000054FC       app__onpaintOFF
 0001:00005510       app__ontimer
 0001:0011BBB8       app__paintnow
 0001:0011BCE8       app__pause
 0001:0011C820       app__processallmessages
 0001:0011C7A8       app__processmessages
 0001:0000F0C0       app__realtime
 0001:0000F0A0       app__realtimeOK
 0001:0000F100       app__realtimeSYNC
 0001:0000EA48       app__reloadcursorifsizehaschanged
 0001:0000541C       app__remove
 0001:0011C04C       app__run
 0001:0011BBA0       app__running
 0001:0000E308       app__savecursor
 0001:0011B00C       app__savesettings
 0001:0000EB0C       app__setcursor
 0001:0011AF78       app__settingsfile
 0001:0011CAC8       app__setwindowalpha
 0001:0011AED0       app__subfolder
 0001:0011AF20       app__subfolder2
 0001:000054A0       app__syncandsavesettings
 0001:0011C990       app__timers
 0001:0011CA64       app__turbo
 0001:0011CA84       app__turboOK
 0001:0011D610       app__waitms
 0001:0011C878       app__wproc
 0001:0011C8D4       app__writeln
 0001:0011DD38       area__clip
 0001:0011DE6C       area__grow
 0001:0011DD00       area__make
 0001:0011DB5C       area__simplifyoverlapping
 0001:0011DC40       area__within
 0001:0011DCA0       area__within2
 0001:000B2854       asimg
 0001:0010EA9C       backmask__exclude
 0002:00047144       back_balls
 0002:00041E7C       back_clouds
 0002:00040ABC       back_fuzz
 0002:0003E808       back_ivy
 0002:0003D3B0       back_metal
 0002:00032ED0       back_none
 0002:0003FB90       back_pitted
 0002:00032ED4       back_plaster
 0002:00038338       back_stone
 0002:0003C094       back_swell
 0002:000405F8       back_vain
 0002:00052B54       base64
 0002:00052B98       base64r
 0001:00011D68       bchar
 0001:00114918       bcopy1
 0001:001160A4       bcopyarray
 0001:00115FE8       bcopystr1
 0001:0011604C       bcopystrall
 0001:00115F00       bdel1
 0001:00012998       bfromname
 0001:00115D88       bgetstr1
 0001:00110BE4       bit__hasval32
 0001:00110BA4       bit__true32
 0001:00011CE0       blen
 0001:0011275C       block__cls
 0001:001125E0       block__fastinfo
 0001:001127A8       block__free
 0001:001127E0       block__freeb
 0001:0011277C       block__new
 0001:001125CC       block__size
 0001:000BEFD8       bmp16__todata2
 0001:000BFE2C       bmp1__todata2
 0001:000C000C       bmp1__todata3
 0001:000C9774       bmp1__toicondata
 0001:000BEFAC       bmp24__todata2
 0001:000C0524       bmp32__fromdata
 0001:000BE93C       bmp32__todata2
 0001:000BEA74       bmp32__todata3
 0001:000C85E4       bmp32__toicondata
 0001:000BFAA0       bmp4__todata2
 0001:000C9414       bmp4__toicondata
 0001:000C0CEC       bmp8__fromdata
 0001:000BF3AC       bmp8__todata2
 0001:000C8E24       bmp8__toicondata
 0001:000BE884       bmpXX__todata
 0001:000BE46C       bmp__fromdata
 0001:000BE538       bmp__fromdata2
 0001:000BE77C       bmp__todata3
 0001:00118EB8       bnc
 0001:001160FC       bnewlen
 0001:00116154       bnewstr
 0001:0011E280       bolstr
 0001:001161A4       breuse
 0001:00011D18       bsetlen
 0001:00011DB0       bstr
 0001:000E4DB8       c24a0__int
 0001:000E4BDC       c24__greyscale2
 0001:000E5518       c24__hex6
 0001:000E4D8C       c24__int
 0001:000E4C1C       c24__lum
 0001:000E501C       c24__splice
 0001:000E57E4       c32__hex8
 0001:000E4C4C       c32__lum
 0001:00112810       cache__ptr
 0001:0011E1D0       cfrcrange32
 0002:00051984       cf_bwd
 0002:00051988       cf_bwp
 0001:00016240       clip__cancopytext
 0001:000166A8       clip__canpasteimage
 0001:00016D00       clip__canpasteimagefrom
 0001:00016348       clip__canpastetext
 0001:000170F0       clip__copyimage
 0001:00016250       clip__copytext
 0001:0001600C       clip__copywordcore
 0001:0001621C       clip__hasformat
 0001:00016530       clip__pasteformat
 0001:0001678C       clip__pasteimage
 0001:00016D40       clip__pasteimagefrom2
 0001:00016360       clip__pastetext
 0001:00016428       clip__pastetext2
 0001:00016414       clip__pastetextb
 0002:00052FF8       CLSID_ShellLink
 0002:00054018       CmdLine
 0002:00054014       CmdShow
 0002:00031D6C       cols_Aqua_Marine
 0002:00031928       cols_Army
 0002:00032798       cols_black
 0002:000327EC       cols_black2
 0002:00032840       cols_black3
 0002:00032894       cols_black4
 0002:000328E8       cols_black5
 0002:0003293C       cols_blue
 0002:00032DD4       cols_brown
 0002:00032E28       cols_brown2
 0002:00032E7C       cols_brown3
 0002:00031880       cols_BurntOrange
 0002:0003182C       cols_BurntPurple
 0002:000317D8       cols_BurntRed
 0002:00031784       cols_BurntYellow
 0002:0003200C       cols_Chirpy_Charcoal
 0002:000320B4       cols_DarkAquaTint
 0002:00032108       cols_DarkBlueTint
 0002:0003215C       cols_DarkEmerald
 0002:000321B0       cols_DarkGreenTint
 0002:00032060       cols_DarkRedTint
 0002:00032204       cols_DarkYellowTint
 0002:00032258       cols_Dreamy_Cream
 0002:00031E14       cols_Dusty_Pink
 0002:000318D4       cols_Eerie
 0002:00031D18       cols_Emerald
 0002:00031EBC       cols_Fern
 0002:000319D0       cols_Fine_Grey
 0002:00031A24       cols_Fine_Grey2
 0002:000322AC       cols_Gentle_Ginger
 0002:00032354       cols_Glowing_Grey
 0002:00031B74       cols_Gold
 0002:00031BC8       cols_Gold2
 0002:00031E68       cols_Golden_Sands
 0002:00031C70       cols_Grey
 0002:00032300       cols_Grumpy_Green
 0002:00031FB8       cols_Howdy_Brown
 0002:000323A8       cols_Jovial_Mauve
 0002:00031B20       cols_Lilac
 0002:000323FC       cols_Luscious_Lilac
 0002:00031ACC       cols_Marine
 0002:00031F64       cols_Moon_Blue
 0002:00031A78       cols_Pale_Yellow
 0002:000325F4       cols_Peach
 0002:000329E4       cols_pink
 0002:00032D80       cols_purple
 0002:000325A0       cols_Radiant_Yellow
 0002:0003254C       cols_Red
 0002:000324A4       cols_Rosebud_Pink
 0002:00032990       cols_royal_blue
 0002:00032CD8       cols_satinpink
 0002:00032D2C       cols_satinpink2
 0002:000324F8       cols_Silky_Sand
 0002:00031C1C       cols_Silver_Gold
 0002:00032450       cols_Slinky_Pink
 0002:00031CC4       cols_Soft_Blue
 0002:0003197C       cols_Soft_Green
 0002:00031F10       cols_Tangerine
 0002:00032648       cols_Tangy_Tangerine
 0002:00031DC0       cols_Washed_Crimson
 0002:00032A8C       cols_white
 0002:00032AE0       cols_white2
 0002:00032B34       cols_white3
 0002:00032B88       cols_white4
 0002:00032BDC       cols_white5
 0002:00032C30       cols_white6
 0002:00032C84       cols_white7
 0002:0003269C       cols_white_and_pale
 0002:00032A38       cols_wild_mix
 0002:000326F0       cols_Wild_Thing
 0002:00032744       cols_Wild_Thing_Pastel
 0001:000C9B9C       cur32__todata
 0001:000C9BC4       cur32__todata2
 0001:0011F6D0       curcomma
 0001:0011F424       curdec
 0001:0011F4A4       curstrex
 0001:000C9AFC       curXX__todata
 0001:000C9B28       curXX__todata2
 0002:0001BFCC       cur_template_arrow128
 0002:0001C75C       cur_template_arrow32
 0001:000C9AB4       cur__fromdata
 0001:000C9970       cur__todata2
 0001:000C99D0       cur__todata3
 0001:00117118       date__date
 0001:00117548       date__datetimetotimestamp
 0001:001174E8       date__decodetime
 0001:00117200       date__encodedate
 0001:00117444       date__encodetime
 0001:00117198       date__filedatetodatetime
 0002:00052D30       date__FMSecsPerDay
 0002:00052D34       date__IMSecsPerDay
 0001:00117588       date__isleapyear
 0002:00052D38       date__monthdays
 0001:00117174       date__now
 0001:00117144       date__time
 0001:001188B4       debugging
 0002:00000004       DebugHook
 0002:0018CE54       debug_basicdebug_area
 0002:00051870       debug_basicdebug_areacheck
 0002:00051874       debug_basicdebug_areafail_count
 0002:00051878       debug_basicdebug_areaoverlap_count
 0002:0005187C       debug_basicdebug_int1
 0002:0005186C       debug_junk1
 0002:00000000       Default8087CW
 0001:000D46FC       degtorad2
 0001:000C14E4       dibXX__todata
 0001:000C1488       dib__fromdata
 0001:000C14B4       dib__fromdata2
 0001:00025828       dic_extractwordfromdoc
 0001:00025FF8       dic_findword
 0001:0002604C       dic_findword2
 0001:000257A0       dic_id
 0001:0002562C       dic_init
 0001:00025F94       dic_misspelt
 0001:0002578C       dic_newid
 0001:0002557C       dic_shut
 0001:00119760       div32
 0001:00119404       div64
 0001:0012D590       Dougi
 0001:0012C34C       dwin____EnumPrinters
 0002:00053024       dwin____EnumPrinters_proc
 0002:00053020       dwin____EnumPrinters_state
 0001:0012C2D0       dwin____GetDefaultPrinter
 0002:0005301C       dwin____GetDefaultPrinter_proc
 0002:00053018       dwin____GetDefaultPrinter_state
 0002:00054024       ErrorAddr
 0002:00054004       ErrorProc
 0001:0012C430       Exception.CreateFmt
 0001:0012C474       Exception.CreateHelp
 0002:00054008       ExceptObjProc
 0002:00054000       ExceptProc
 0002:0005401C       ExitCode
 0002:00054020       ExitProc
 0002:001B38CC       fb255
 0001:000E40E8       fbGreyscale
 0001:000E40B0       fbInvert
 0001:000E403C       fbNoise3
 0001:000E4140       fbSepia
 0002:001B40D0       fbwrap255
 0001:00101364       filecache__closeall_byname_rightnow
 0001:0010131C       filecache__closeall_rightnow
 0001:00101480       filecache__closefile
 0001:001013F4       filecache__closerec
 0001:001012C8       filecache__enabled
 0001:001016DC       filecache__find
 0001:0010129C       filecache__idletime
 0001:001014DC       filecache__inc_usecount
 0001:0010121C       filecache__initrec
 0001:00101F30       filecache__managementevent
 0001:00101510       filecache__newslot
 0001:00101808       filecache__openfile_anyORread
 0001:00101940       filecache__openfile_read
 0001:00101CCC       filecache__openfile_write2
 0001:001011F4       filecache__recok
 0001:001017A8       filecache__remfile
 0001:001012E0       filecache__safefilename
 0002:0005402E       FileMode
 0001:00003638       Finalization
 0001:0012D4B8       Finalization
 0001:00003600       Finalization
 0001:000033B8       Finalization
 0001:0010E2A8       Finalization
 0001:0000AD10       Finalization
 0001:0012B874       Finalization
 0001:001053F0       Finalization
 0001:00003EB4       Finalization
 0001:000B2098       Finalization
 0001:000AD410       Finalization
 0001:000E6C10       Finalization
 0001:0012D4F0       Finalization
 0001:000F9898       Finalization
 0001:00002A9C       FindHInstance
 0001:0011A2E8       floattostrex
 0001:0011A2C4       floattostrex2
 0001:0011EFC4       float__fromstr
 0001:0011F018       float__fromstr3
 0001:0011E744       float__tostr
 0001:0011E89C       float__tostr3
 0001:0010F3A8       font__initprinter
 0001:0010F2B4       font__initscreen
 0001:0010EFF4       font__list2
 0001:0010F698       font__printerfontproc
 0001:0010F544       font__screenfontproc
 0001:00050D30       form__move
 0001:0011A5DC       fr64
 0001:00026EA0       frcextrange
 0001:0011E070       frcmax32
 0001:0011E484       frcmax64
 0001:0011E044       frcmin32
 0001:0011E44C       frcmin64
 0001:0011E140       frcrange2
 0001:0011E09C       frcrange32
 0001:0011E4BC       frcrange64
 0001:00119134       freeobj
 0001:0011E0D4       from32bit
 0001:000250AC       fromnullstr
 0001:000171D0       gec__taskfailed
 0001:000CD3E8       gif__addcell82432
 0001:000CB174       gif__compress
 0001:000CB470       gif__compressex
 0001:000CADAC       gif__decompressex
 0001:000CBB4C       gif__fromdata
 0001:000CD164       gif__start
 0001:000CDBE8       gif__stop
 0001:000CCEA4       gif__todata2
 0002:00052B50       globaloverride_incSIZE
 0001:00112118       global__create
 0001:001122B0       global__free
 0001:001121B0       global__resize
 0001:0011231C       global__size
 0001:00003668       gossdat
 0001:000AD688       gossgui
 0001:0000CFFC       gossgui__start
 0001:0000D6CC       gossgui__stop
 0001:000E6C90       gossimg
 0001:000B2650       gossimg__havegif
 0001:000B2640       gossimg__haveico
 0001:000B2660       gossimg__havejpg
 0001:000B2328       gossimg__start
 0001:000B257C       gossimg__stop
 0001:00105454       gossio
 0001:000F9900       gossio__start
 0001:000F99D8       gossio__stop
 0001:000F98C8       gossjpg
 0001:00003F38       gossnet
 0001:00003690       gossnet__start
 0001:0000371C       gossnet__stop
 0001:0012B964       gossroot
 0001:0010FA48       gossroot__start
 0001:0010FBB4       gossroot__stop
 0001:000B20FC       gosssnd
 0001:000AD78C       gosssnd__onmessage_mm
 0001:000AD7C4       gosssnd__onmessage_wave
 0001:000AD6F4       gosssnd__start
 0001:000AD740       gosssnd__stop
 0001:0012D4E8       gosswin
 0001:0012BFC0       gosswin__stop
 0001:0010E2D8       gosszip
 0002:00052D74       gui__closing
 0001:0000F044       gui__delrgn
 0001:0004C108       gui__foldertep2
 0002:00052D6C       gui__initing
 0001:0000EF7C       gui__newrgn
 0002:00052D70       gui__running
 0001:0010EB74       gui__sysprogram_monitorindex
 0001:0004C0B0       gui__tepext
 0001:0000EC20       gui__timers
 0001:0010EB60       gui__vimultimonitor
 0001:0000EBF0       gui__zoom
 0001:000E5BE8       hex8__int
 0002:000544A4       HInstance
 0001:00017A08       his__active2
 0001:00017CB8       his__add2
 0001:000176CC       his__cannext
 0001:00017390       his__canprev
 0001:00017258       his__find
 0001:0001772C       his__next
 0001:00017790       his__next2
 0001:000173F0       his__prev
 0001:00017454       his__prev2
 0001:00017B94       his__setactiveref
 0002:0001BFC8       iapp
 0001:000BBE54       ia__add
 0001:000BBEEC       ia__addlist
 0001:000BCAAC       ia__find
 0001:000BC378       ia__found
 0001:000BC148       ia__iadd
 0001:000BC25C       ia__iadd64
 0001:000BC560       ia__ifindval
 0001:000BC658       ia__ifindval64
 0001:000BC8C4       ia__ifindval64b
 0001:000BC854       ia__ifindvalb
 0001:000BC3DC       ia__ok
 0001:000BC934       ia__sfind
 0001:000BC468       ia__sfindval
 0001:000BBFDC       ia__spreadd
 0001:000BB29C       ia__useroptions
 0001:000C8418       ico32__findhotspot
 0001:000C71FC       ico32__fromdata
 0001:000C7628       ico32__fromdata2
 0001:000C6D0C       ico32__todata2
 0001:000C6DD8       ico32__todata3
 0001:000C6CB0       icoXX__todata
 0001:000C71B4       ico__fromdata
 0001:000C6BCC       ico__todata3
 0001:00104F00       idisk__fileexists
 0001:00104F38       idisk__find
 0001:00104A70       idisk__findnext
 0001:00104980       idisk__fullname
 0001:00104E6C       idisk__havescope
 0001:001048E0       idisk__init
 0001:00105058       idisk__remfile
 0001:001050F4       idisk__tofile
 0001:00105120       idisk__tofile1
 0001:00105320       idisk__tofile2
 0001:00105350       idisk__tofile21
 0001:00012930       ifromname
 0001:000BCDB8       img32__fromdata
 0001:000BCDF0       img32__fromdata2
 0001:000BD28C       img32__todata3
 0002:00052D78       info_mode
 0001:00004054       info__app
 0001:0000D828       info__gui
 0001:000B2670       info__img
 0001:000F9B18       info__io
 0001:000E6C98       info__jpg
 0001:001103D8       info__mode
 0001:0000377C       info__net
 0001:0010FC94       info__root
 0001:0010FFD8       info__rootfind
 0001:000AD7FC       info__snd
 0001:0012C05C       info__win
 0001:0010545C       info__zip
 0002:00054034       Input
 0001:0010EAD8       inputcolorise__backcolor
 0001:0011E01C       insint
 0001:001197E0       insstr
 0001:000E4DE4       int24__rgba0
 0001:000E5218       inta0__findcolor
 0001:000E4BA8       inta__c32
 0001:000E5268       inta__findcolor
 0002:0005247C       intdisk_char
 0002:001BAFEC       intdisk_data
 0002:001BB30C       intdisk_date
 0002:00052478       intdisk_inuse
 0002:00052480       intdisk_label
 0002:001BACCC       intdisk_name
 0002:001BB94C       intdisk_readonly
 0001:0011E5A0       intstr32
 0001:0011E614       intstr64
 0001:000E4E80       int__brightness
 0001:000E4ED4       int__brightnessb
 0001:000E4F18       int__brightness_aveb
 0001:0011E6E4       int__byte0
 0001:0011E6AC       int__byteX
 0001:000E4B48       int__c24
 0001:000E4B78       int__c32
 0001:000E636C       int__dif24
 0001:000E6390       int__dif242
 0001:0011E658       int__fromstr
 0001:000E4C80       int__greyscale_ave
 0001:000E54BC       int__hex6
 0001:000E54F0       int__hex8
 0001:000E4CB4       int__invert
 0001:000E4CF8       int__invert2
 0001:000E4D68       int__invert2b
 0001:000E4CD8       int__invertb
 0001:000E6588       int__makevis24
 0001:0011E704       int__round4
 0001:000E4F4C       int__setbrightness357
 0001:000E516C       int__splice24
 0001:000E51D4       int__splice24_100
 0001:0011E634       int__tostr
 0001:000E652C       int__vis24
 0001:000FFAB0       io__anyformat
 0001:000FFBE0       io__anyformat2
 0001:000FFA8C       io__anyformat2b
 0001:000FFA6C       io__anyformatb
 0001:000FED88       io__asfolder
 0001:000FEE1C       io__asfolderNIL
 0001:000FA7B8       io__backupfilename
 0001:000FF204       io__canshowfolder
 0001:000FA5FC       io__copyfile
 0001:000FBB94       io__createlink
 0001:000FBE24       io__dates__fileage
 0001:000FBDA4       io__dates__filedatetime
 0001:000FF230       io__driveexists
 0001:000FF6A0       io__drivelabel
 0001:000FBB18       io__drivelist
 0001:000FF48C       io__drivetype
 0001:000FB660       io__exemarker
 0001:000FBD30       io__exename
 0001:000FB8C8       io__exeread
 0001:000FE938       io__extractfileext
 0001:000FEA7C       io__extractfileext2
 0001:000FEAFC       io__extractfileext3
 0001:000FEC74       io__extractfilename
 0001:000FEB70       io__extractfilepath
 0001:000FDBF8       io__faISfolder
 0001:000FA404       io__fileexists
 0001:000FA5B8       io__filesetattr
 0001:000FA460       io__filesize64
 0001:000FC5D4       io__findext
 0001:000F9CBC       io__findfolder
 0001:000FEF50       io__folderaslabel
 0001:000FB524       io__folderexists
 0001:000FC274       io__forceext2
 0001:000FAE54       io__fromfile
 0001:000FAE98       io__fromfile64
 0001:000FAEC4       io__fromfile641
 0001:000FAF0C       io__fromfile64b
 0001:000FAF7C       io__fromfile64c
 0001:000FAD74       io__fromfilestr
 0001:000FAD20       io__fromfilestrb
 0001:000FB498       io__fromfiletime
 0001:000FE354       io__hack_dangerous_filepath
 0001:000FE314       io__hack_dangerous_filepath_allow_mask
 0001:000FE334       io__hack_dangerous_filepath_deny_mask
 0001:000FF0D8       io__isfile
 0001:000FBE94       io__lastext
 0001:000FBEB4       io__lastext2
 0001:000FF190       io__local
 0001:000FB568       io__makefolder
 0001:000FE5F8       io__makeportablefilename
 0001:000FDCBC       io__mssortstr
 0001:000FBD44       io__ownname
 0001:000FD984       io__readfileext
 0001:000FDA40       io__readfileext_low
 0001:000FE798       io__readportablefilename
 0001:000FA570       io__remfile
 0001:000FBFB4       io__remlastext
 0001:000FE0CC       io__safefilename
 0001:000FE060       io__safename
 0001:000FDA98       io__scandownto
 0001:000FA990       io__tofile
 0001:000FA9C8       io__tofile64
 0001:000FAA00       io__tofileex64
 0001:000FA8F8       io__tofilestr
 0001:000FA51C       io__validfilename
 0001:000FA29C       io__windesktop
 0001:000FA328       io__winprograms
 0001:000F9F84       io__winroot
 0001:000FA370       io__winstartmenu
 0001:000FA2E0       io__winstartup
 0001:000FA084       io__winsystem
 0001:000FA18C       io__wintemp
 0001:00003C8C       ipsec__clearslot
 0002:0005402C       IsConsole
 0002:00054010       IsLibrary
 0002:0005402D       IsMultiThread
 0002:0001BFC4       itimerbusy
 0001:000C159C       jpg__can
 0001:000C15AC       jpg__fromdata
 0001:000C19BC       jpg__todata3
 0001:000E73A4       jpg____fromdata
 0001:000E7088       jpg____todata
 0001:0011A644       k64
 0001:0011A660       k642
 0001:0011E1A8       largest32
 0002:00000008       LibModuleList
 0001:00002AC4       LoadResourceModule
 0001:00003D48       log__writemaybe
 0001:00003D80       log__writenow
 0001:000DA568       low__aicopy
 0001:000279A0       low__akstr
 0001:0011FCB4       low__aorb
 0001:0011FD7C       low__aorbbol
 0001:0011FD54       low__aorbchar
 0001:0011FCE0       low__aorbstr
 0001:0011D920       low__areawithinrect
 0001:00024F64       low__asname
 0001:00118654       low__b
 0001:00024CB8       low__canecopaint
 0001:000183D4       low__canshowvol
 0001:00027350       low__cap2432
 0001:00027384       low__cap2432c
 0001:000275A8       low__capcolor
 0001:000275D4       low__capcolor2
 0001:0012A77C       low__cdmix
 0001:0012A268       low__cdstr
 0001:0012A288       low__cdstr2
 0001:0000F214       low__clienttoscreen
 0001:000185DC       low__closecount
 0001:00018674       low__closelock
 0001:00018688       low__closeunlock
 0001:00118A70       low__cls
 0001:0001474C       low__coloradjBrightness
 0001:001189D0       low__comparearray
 0001:0011FA90       low__compress
 0001:0012C814       low__console
 0001:0012C794       low__consoleb
 0001:00023450       low__cornerhollow
 0001:000D1BAC       low__cornersolid
 0001:0011FEDC       low__crc32
 0001:0011FFA8       low__crc32b
 0001:0011FE60       low__crc32inc
 0001:0011FFE8       low__crc32seedable
 0001:000B3E08       low__createimg24
 0001:000B4114       low__createint
 0001:00012DD0       low__criticalcolor
 0001:00116FFC       low__datename
 0001:00116EB8       low__datetimename
 0001:001175D4       low__decodedate2
 0001:0011760C       low__decodetime2
 0001:0011FAB0       low__decompress
 0001:0011F9C0       low__digpad11
 0001:0011F8D0       low__digpad20
 0001:0011DFD8       low__divmod
 0001:0010F998       low__downidle
 0001:0001E3F4       low__draw
 0001:0001E4B4       low__draw2
 0001:0001E588       low__draw2b
 0001:0001EE30       low__draw3
 0001:00129714       low__ecapbin
 0001:00129674       low__ecapk
 0001:000E0704       low__findbpp82432
 0001:00014A84       low__findbuiltincolor
 0001:00119D1C       low__findchar
 0001:0004B2C0       low__findfontname
 0001:0004B140       low__findfontname2
 0001:0004B324       low__findfontnameb
 0001:001188C4       low__fireevent
 0001:000251AC       low__firstline
 0001:0002778C       low__firstnbl
 0001:00027878       low__firstnbl2
 0001:00012A28       low__fixcolors
 0001:0011FAD0       low__foldertep2
 0001:0004BA10       low__font
 0001:0004B380       low__font0
 0001:0004B3FC       low__font1
 0001:0004B480       low__font2
 0001:0004B630       low__fontavew
 0001:0004B654       low__fontcount
 0001:0004B558       low__fontdata
 0001:0004B5A4       low__fontmaxh
 0001:0004B5CC       low__fonttextwidth2
 0001:0004B5FC       low__fonttextwidthTAB2
 0001:000DFCA0       low__framecols
 0001:000E02A4       low__frameset
 0001:000B3FAC       low__freeimg
 0001:000B42B8       low__freeint
 0001:000E2328       low__fromani322
 0001:00118868       low__fromb641
 0001:00013004       low__fromcompactcolors
 0001:0001305C       low__fromcompactcolors2
 0001:000E0C24       low__fromico32
 0001:000E12A0       low__fromico322
 0001:0004530C       low__fromLGF_avew
 0001:0004524C       low__fromLGF_charw
 0001:00045AA8       low__fromLGF_drawchar2432
 0001:0004AAE4       low__fromLGF_drawtext2432
 0001:0004AB88       low__fromLGF_drawtext2432TAB
 0001:000450F4       low__fromLGF_height
 0001:000451A0       low__fromLGF_height1
 0001:0004A9B8       low__fromLGF_textwidth2
 0001:0004A9DC       low__fromLGF_textwidthTAB2
 0001:000133A8       low__getcolor
 0001:000134E4       low__getcolor2
 0001:00013B64       low__getcolors
 0001:000288B8       low__getcursordownpos
 0001:00028850       low__getcursorpos
 0001:00028890       low__getcursorposb
 0001:00024870       low__getfolderimg
 0001:00129650       low__glseEDK
 0001:0012CA90       low__handlenone
 0001:00119D98       low__havechar
 0001:00119E14       low__havechars
 0001:00117648       low__hexchar_lowercase
 0001:0011768C       low__hex_lowercase
 0001:000E067C       low__icosizes
 0001:0011FDA4       low__initcrc32
 0001:0010F774       low__inputidle
 0001:0010F894       low__inputidle_nomove
 0001:0011DFF4       low__insint
 0001:00015FAC       low__instouch
 0001:00015FD0       low__instouch2
 0001:00118AC0       low__iroll
 0001:00118B38       low__irollone
 0001:000280A8       low__keyboard2
 0001:00027D50       low__keyboard__fromak
 0001:0010F968       low__keyidle
 0001:0012A1A8       low__ldstr
 0001:0012A170       low__ldstrb
 0001:0011A290       low__len
 0001:0012A0B0       low__lestr
 0001:00119BE0       low__limitlines
 0001:00026F38       low__maplist
 0001:00117B74       low__matchmask
 0001:00117E40       low__matchmasklist
 0001:0011868C       low__mbAUTO
 0001:001186C8       low__mbAUTO2
 0001:00024100       low__menuadd
 0001:00023C7C       low__menucount
 0001:00023A70       low__menuend
 0001:00023DDC       low__menuget
 0001:0002378C       low__menuinit
 0001:00023868       low__menuitem
 0001:00023904       low__menuitem2
 0001:000239A0       low__menuitemx2
 0001:00023A34       low__menusep
 0001:000237DC       low__menutitle
 0001:000AE8C0       low__midadd
 0001:000AE79C       low__midcount
 0001:000AE7E4       low__midset
 0001:000272F4       low__minwh
 0001:000285A0       low__mouse
 0001:000287E8       low__mouse2
 0001:000284FC       low__mousefine
 0001:000284A8       low__mousefine_turnon
 0001:00024D90       low__moveidle_global
 0001:00026D8C       low__newid
 0001:00026DB0       low__newid1
 0001:00026C88       low__newnameid
 0001:0011798C       low__nextline0
 0001:001179B4       low__nextline1
 0001:00118B5C       low__nrw
 0001:0011FBC4       low__or3
 0001:0011DEC0       low__orderint
 0001:000E0B5C       low__palfind24
 0001:00118918       low__param
 0001:0011897C       low__paramstr1
 0001:00118704       low__percentage64
 0001:00014D0C       low__plat
 0001:00015B00       low__platfolder
 0001:00015CDC       low__platimages
 0001:00015E44       low__platprgext
 0001:00015C50       low__platprgsettings
 0001:00015AD4       low__platroot
 0001:00015D04       low__platsysext
 0001:00015BC4       low__platsyssettings
 0001:00015B9C       low__plattemp
 0001:0011D974       low__point
 0001:00118AA0       low__posn
 0001:00026E40       low__ptinarea
 0001:001178A8       low__ref256U
 0001:001177E8       low__ref32u
 0001:00024778       low__reloadfastvars
 0001:0011F818       low__rembinary
 0001:00025154       low__rembinaryb
 0001:0011F758       low__remchar
 0001:0011F6FC       low__remcharb
 0001:0011993C       low__remdup2
 0001:0010F9DC       low__resetclicktime
 0001:0010FA04       low__resetdowntime
 0001:0010F9C8       low__resetkeytime
 0001:0010F9F0       low__resetmovetime
 0001:0010FA18       low__resetwheeltime
 0001:001170BC       low__safedate
 0001:000E6A00       low__scale
 0001:000E6B28       low__scalecrop
 0001:000E690C       low__scaledown
 0001:00026F08       low__setbc
 0001:0011DFA8       low__setbol
 0001:00013734       low__setcolor
 0001:000137F0       low__setcolor2
 0001:000139C8       low__setcolor3
 0001:00013790       low__setcolorb
 0001:00013DDC       low__setcolors
 0001:00014448       low__setcolorsbyname
 0001:000249A4       low__setfolderimg
 0001:0011DF78       low__setint
 0001:0011A230       low__setlen
 0001:0011DEE8       low__setstr
 0001:0011D85C       low__shiftarea
 0001:0011D894       low__shiftarea2
 0001:00027964       low__shortcutOK
 0001:0001812C       low__showhelp
 0001:0001841C       low__showvol
 0001:0011812C       low__size
 0001:00117708       low__splitstr
 0001:001293B8       low__stdencrypt
 0001:0012CA44       low__stdin
 0001:0011D6DC       low__sum32
 0001:0011FBF0       low__swapint
 0001:000184E8       low__sysadd
 0001:00018574       low__sysdel
 0001:0004C020       low__syszoomlimit
 0001:00015F84       low__t
 0001:0004A8DC       low__tab
 0001:000254B4       low__timerdel
 0001:000253D4       low__timerdelay
 0001:0002525C       low__timerset
 0001:000E37AC       low__toani32
 0001:000E3A78       low__toani32b
 0001:001187E4       low__tob64
 0001:00118818       low__tob641
 0001:00012EE0       low__tocompactcolors
 0001:000E2C48       low__toico32
 0001:00043198       low__toLGF
 0001:0002712C       low__trimdec
 0001:0011FB74       low__true2
 0001:0011FB90       low__true4
 0001:00116994       low__uptime
 0001:00119B18       low__urlok
 0001:00012B88       low__validcolor
 0001:00018230       low__vol
 0001:00026F60       low__winzoom
 0001:00027028       low__winzoom2
 0001:0002F908       low__wordcore
 0001:0002FA64       low__wordcore2
 0001:00037C20       low__wordcore4
 0001:0002F4D4       low__wordcore_backup
 0001:0002F720       low__wordcore_docchar
 0001:0002F7F8       low__wordcore_docsep
 0001:0002F8DC       low__wordcore_docsep2
 0001:0002F284       low__wordcore_find
 0001:0002F9AC       low__wordcore_str
 0001:0002FAE8       low__wordcore_str2
 0001:00028914       low__wordcore__2to1
 0001:0002898C       low__wordcore__3to1
 0001:0002B120       low__wordcore__charinfo
 0001:0002B448       low__wordcore__charinfo2
 0001:0002BC78       low__wordcore__charinfoFAST
 0001:0002B960       low__wordcore__charinfoULTRA
 0001:0002B8DC       low__wordcore__charinfoULTRAinit
 0001:0002AFCC       low__wordcore__filtertext
 0001:0002BD60       low__wordcore__findalignFAST
 0001:0002B710       low__wordcore__findformatlevel
 0001:0002923C       low__wordcore__fontonevals
 0001:000288E0       low__wordcore__inited
 0001:0002F178       low__wordcore__keyboard2
 0001:00028F04       low__wordcore__lgfFILL
 0001:0002F1F0       low__wordcore__mouse
 0001:0002E1E8       low__wordcore__paint2432
 0001:00029340       low__wordcore__transform
 0001:000293B4       low__wordcore__transform2
 0001:00029D78       low__wordcore__transform3
 0001:00026DE4       low__xyinarea
 0001:001298D0       low__xysort
 0001:00129900       low__xysort2
 0001:00116E30       low__year
 0001:00116E98       low__yearstr
 0001:0000AD40       main
 0002:0005400C       MainInstance
 0001:0011A830       makestr
 0001:0011A8F8       makestrb
 0001:000CE278       mask__copy
 0001:000CE2A0       mask__copy3
 0001:000CDC5C       mask__empty
 0001:000CE760       mask__feather
 0001:000CEA10       mask__feather2
 0001:000D18E4       mask__fromdata
 0001:000D190C       mask__fromdata2
 0001:000CDC8C       mask__hasTransparency32
 0001:000CDCAC       mask__hasTransparency322
 0001:000CE104       mask__maketrans32
 0001:000CE128       mask__maketrans322
 0001:000CE154       mask__maketrans323
 0001:000CDD98       mask__range
 0001:000CDDCC       mask__range2
 0001:000CDFE8       mask__setval
 0001:000D15D8       mask__todata
 0001:000D1600       mask__todata2
 0001:00026A30       master__cursor
 0001:00026BC8       master__cursorCLEAN
 0001:00119204       math__power32
 0001:0011D7CC       maxarea
 0001:0011ACF8       mem__alloc
 0001:0011238C       mem__despstring
 0001:0011AD1C       mem__free
 0001:00112548       mem__freemem
 0001:0011235C       mem__newpstring
 0001:001123B4       mem__reallocmem
 0001:00112498       mem__reallocmemCLEAR
 0001:000AE41C       midiOutClose
 0001:000AE57C       midioutflush
 0001:000AE3A4       midiOutOpen
 0001:000AE478       midiOutShortMsg2
 0001:000AE1FC       mid_deviceindex
 0001:000AE074       mid_devicelist
 0001:000AE298       mid_devicename
 0001:000AE250       mid_deviceok
 0001:000ADF68       mid_ok
 0001:000AE224       mid_setdeviceindex
 0001:000AEB88       mid__timeusec__add
 0001:000DA54C       misai
 0001:000DA438       misaiclear
 0001:000DA408       misaiclear2
 0001:000DA6F4       misaicopy
 0001:000D5488       misarea
 0001:000D9D7C       misb
 0001:000DEDD4       misblur82432
 0001:000DEDFC       misblur82432b
 0001:000DEE38       misblur82432c
 0001:000DF7C0       misblur82432d
 0001:000DA148       miscc
 0001:000DA31C       miscell
 0001:000DA3E4       miscellarea
 0001:000DA1BC       miscells
 0001:000DA10C       misch
 0001:000D37A0       miscls
 0001:000D37D0       misclsarea2
 0001:000D3818       misclsarea3
 0001:000D7860       miscopy
 0001:000D54D4       miscopyarea32
 0001:000D5534       miscopyarea322
 0001:000D5778       miscopyarea323
 0001:000DA754       miscopyareaxx
 0001:000DA7CC       miscopyareaxx1
 0001:000DAF84       miscopyareaxx10
 0001:000DA854       miscopyareaxx2
 0001:000DA8D4       miscopyareaxx3
 0001:000DA968       miscopyareaxx5
 0001:000DAA14       miscopyareaxx6
 0001:000DAACC       miscopyareaxx8
 0001:000DABF4       miscopyareaxx9
 0001:000DEA40       miscopypixels
 0001:000D963C       miscountcolors
 0001:000D9664       miscountcolors2
 0001:000D96A0       miscountcolors3
 0001:000D970C       miscountcolors4
 0001:000DED6C       miscursorpos
 0001:000D475C       miscurveAirbrush2
 0001:000DA0D0       miscw
 0001:000DED80       misempty
 0001:000D4938       misfindtranscol82432
 0001:000D4974       misfindtranscol82432ex
 0001:000D1E28       misformat
 0001:000DA034       mish
 0001:000DA184       mishasai
 0001:000D9028       misimg
 0001:000D90A4       misimg24
 0001:000D90CC       misimg32
 0001:000D907C       misimg8
 0001:000D7D14       misinfo
 0001:000D7DB4       misinfo2432
 0001:000D7E54       misinfo8162432
 0001:000D7EB0       misinfo824
 0001:000D7E00       misinfo82432
 0001:000D4B94       mislimitcolors82432
 0001:000D4CAC       mislimitcolors82432ex
 0001:000D7C80       misok2432
 0001:000D7BA0       misok32
 0001:000D7B60       misok8
 0001:000D7BE0       misok824
 0001:000D7C2C       misok82432
 0001:000D79D0       misokex
 0001:000D7CCC       misokk82432
 0001:000DA1A0       misonecell
 0001:000DABA0       misoptions
 0001:000D8160       mispixel24
 0001:000D8124       mispixel24VAL
 0001:000D8268       mispixel32
 0001:000D90F4       misraw
 0001:000D9170       misraw32
 0001:000D9148       misraw8
 0001:000D5450       misrect
 0001:000D7EFC       misrows32
 0001:000D7FB8       misrows82432
 0001:000D8748       misscan24
 0001:000D8AD0       misscan2432
 0001:000D885C       misscan32
 0001:000D8634       misscan8
 0001:000D8C98       misscan824
 0001:000D844C       misscan82432
 0001:000D8E60       misscan832
 0001:000D8970       misscan96
 0001:000D1DA8       misscreenresin248K
 0001:000D9E50       missetb
 0001:000D9F68       missetb2
 0001:000D835C       missetpixel32
 0001:000D9214       missize
 0001:000D9240       missize2
 0001:000D4904       mistranscol
 0001:000D9D24       misv
 0001:000D9F98       misw
 0001:000D9198       miswin
 0001:000D91EC       miswin32
 0001:000D3F10       mis__ai
 0001:000D2F14       mis__calccells2
 0001:000D3DD4       mis__canarea
 0001:000D420C       mis__cls
 0001:000D424C       mis__cls2
 0001:000D4404       mis__cls8
 0001:000D4434       mis__cls82
 0001:000D637C       mis__colormatrixpixel24
 0001:000D63C4       mis__colormatrixpixel32
 0001:000D226C       mis__copy
 0001:000D67F4       mis__copyfast2432MASK
 0001:000D941C       mis__countcolors257
 0001:000D457C       mis__findBPP
 0001:000D1EA4       mis__format
 0001:000D3704       mis__fromarray
 0001:000D2F88       mis__fromdata
 0001:000D3058       mis__fromdata2
 0001:000D25E4       mis__fromfile
 0001:000D2644       mis__fromfile2
 0001:000D3EA4       mis__hasai
 0001:0000AA04       mis__makejpeg
 0001:000D2EC0       mis__nocells
 0001:000D3FCC       mis__onecell
 0001:000D4190       mis__resizable
 0001:000D41C4       mis__rowsize4
 0001:000D2744       mis__todata
 0001:000D27A8       mis__todata2
 0001:000D2870       mis__todata3
 0001:000D2348       mis__tofile
 0001:000D23B8       mis__tofile2
 0001:000D243C       mis__tofile3
 0002:00051A4C       mmsys_chimes
 0002:00051A48       mmsys_midi
 0002:00051A68       mmsys_mid_basevol
 0002:001A0D3C       mmsys_mid_chref
 0002:001A0D30       mmsys_mid_dataref
 0002:00051A64       mmsys_mid_devicecount
 0002:001A0D04       mmsys_mid_devicename
 0002:001A0CF8       mmsys_mid_deviceok
 0002:00051A5C       mmsys_mid_devicetime
 0002:00051A6C       mmsys_mid_enhanced
 0002:001A357C       mmsys_mid_mutech
 0002:001A358C       mmsys_mid_mutenote
 0002:001A368C       mmsys_mid_mutetrack
 0002:001A388C       mmsys_mid_mutetrack_hasvol
 0002:001A317C       mmsys_mid_notecount
 0002:001A0D7C       mmsys_mid_noteref
 0002:001A0D38       mmsys_mid_notesref
 0002:001A117C       mmsys_mid_notevol
 0002:001A217C       mmsys_mid_notevolOUT
 0002:001A0D34       mmsys_mid_ref
 0002:00051A54       mmsys_mm
 0002:00051A7C       mmsys_mm_lastfilename
 0002:00051A58       mmsys_mode
 0002:00051A50       mmsys_wave
 0002:00051A78       mmsys_wav_devicecount
 0002:001A3A98       mmsys_wav_devicename
 0002:001A3A8C       mmsys_wav_deviceok
 0002:00051A70       mmsys_wav_devicetime
 0001:000AD9A8       mm_init
 0001:000ADBA8       mm_inited
 0001:000AE340       mm_midi
 0001:000ADB98       mm_ok
 0001:000ADB1C       mm_shut
 0001:00116618       mn32
 0002:00054498       ModuleIsLib
 0002:0000000C       ModuleUnloadList
 0001:0011D13C       monitors__area
 0001:0011D590       monitors__areatotalheight
 0001:0011D574       monitors__areatotalwidth
 0001:0011D234       monitors__area_auto
 0001:0011D264       monitors__centerINarea_auto
 0001:0011D350       monitors__findBYarea
 0001:0011D4A4       monitors__findBYcursor
 0001:0011D128       monitors__primaryindex
 0001:0011D550       monitors__screenheight_auto
 0001:0011D52C       monitors__screenwidth_auto
 0001:0011CCE0       monitors__sync
 0001:0011D1C4       monitors__totalarea
 0001:0011D1E4       monitors__totalworkarea
 0001:0011D180       monitors__workarea
 0001:0011D504       monitors__workareaheight_auto
 0001:0011D4DC       monitors__workareawidth_auto
 0001:0011D204       monitors__workarea_auto
 0001:000015A4       Move
 0001:0011662C       ms64
 0001:00116794       ms64str
 0001:001167B4       msok
 0001:001167D8       msset
 0001:0011680C       mswaiting
 0002:00025988       mtep_background20
 0002:0002551C       mtep_cd20
 0002:00025C7C       mtep_circle20
 0002:000219F0       mtep_clo
 0002:00021890       mtep_close20
 0002:00024228       mtep_color20
 0002:00020BDC       mtep_copy20
 0002:00020DB4       mtep_cut20
 0002:00024FD4       mtep_desktop20
 0002:00025140       mtep_disk20
 0002:000238E4       mtep_eye20
 0002:00023C64       mtep_fav20
 0002:00020430       mtep_flip20
 0002:000247C4       mtep_folder20
 0002:00022BA4       mtep_folderimage20
 0002:00022118       mtep_font20
 0002:00025788       mtep_frame20
 0002:00026430       mtep_helphint
 0002:000245DC       mtep_home20
 0002:00021B50       mtep_max
 0002:0002635C       mtep_menu20
 0002:00021C80       mtep_min
 0002:000202F8       mtep_mirror20
 0002:0002373C       mtep_nav20
 0002:000216A8       mtep_new20
 0002:0002295C       mtep_newfolder20
 0002:00021CAC       mtep_nor
 0002:00021284       mtep_open20
 0002:00021060       mtep_paste20
 0002:00022464       mtep_print20
 0002:00024E4C       mtep_programs20
 0002:00022FE0       mtep_redo20
 0002:000214C0       mtep_refresh20
 0002:00025314       mtep_removable20
 0002:0001FE88       mtep_rotate20
 0002:000200C0       mtep_rotateleft20
 0002:00020650       mtep_save20
 0002:000208DC       mtep_saveas20
 0002:00023F04       mtep_schemes20
 0002:0002440C       mtep_screen20
 0002:000233D4       mtep_selectall20
 0002:00021E20       mtep_settings20
 0002:00025F78       mtep_solid20
 0002:00025E54       mtep_square20
 0002:00025B30       mtep_squircle20
 0002:000248E0       mtep_startmenu20
 0002:00026024       mtep_transparent20
 0002:000231B8       mtep_txt20
 0002:00022E08       mtep_undo20
 0002:00023AE0       mtep_upone20
 0002:00022360       mtep_wrap20
 0002:00022860       mtep_yes20
 0002:00022664       mtep_zoom20
 0002:00026120       mtep__asis20
 0001:00119314       mult64
 0001:0012B6C4       mundo__canredo
 0001:0012B52C       mundo__canundo
 0001:0012B234       mundo__clear
 0001:0012AF60       mundo__finish
 0001:0012AD50       mundo__init
 0001:0012AFC4       mundo__make
 0001:0012B310       mundo__newslot
 0001:0012B768       mundo__redo
 0001:0012B474       mundo__redoflush
 0001:0012B0C8       mundo__split
 0001:0012AEE8       mundo__start
 0001:0012AE40       mundo__startsplit
 0001:0012B5A8       mundo__undo
 0001:0010221C       nav__add2
 0001:0010254C       nav__date
 0001:00102354       nav__end
 0001:001023E4       nav__get
 0001:00102438       nav__get2
 0001:0010203C       nav__info
 0001:00102160       nav__init
 0001:001026A4       nav__list
 0001:001026E4       nav__list2
 0001:00102B70       nav__list3
 0001:00104174       nav__proc
 0001:0011D66C       need_gif
 0001:0011D6A4       need_ico
 0001:0011D634       need_jpeg
 0001:00003A10       net__closeall
 0001:00003A94       net__closerec2
 0001:00003AB8       net__closerec3
 0001:00003928       net__closesession
 0001:00003948       net__initrec
 0001:0012BF60       net____closesocket
 0001:0012BF58       net____WSACleanup
 0001:0010FA2C       new__str
 0001:0011D7B0       nilarea
 0001:0011D794       nilrect
 0001:0011D7F0       noarea
 0001:00116240       nozero__int32
 0001:0011637C       nozero__int64
 0001:001164D0       nozero__sig
 0001:001108C0       ntranslate
 0002:000543DC       Null
 0002:00054200       Output
 0002:001CA3B4       p4INT32
 0002:001CA438       p8CMP256
 0001:00001650       ParamStr
 0001:000C5AF0       pbm__fromdata
 0001:000C522C       pbm__todata3
 0001:0011A2AC       pchar__strlen
 0001:000C4D14       pgm__fromdata
 0001:000C45B4       pgm__todata3
 0001:000B5CCC       png__fromdata
 0001:000B4358       png__todata
 0001:000B4384       png__todata2
 0001:000B43E4       png__todata3
 0001:000B4CBC       png__todata4
 0001:000C6494       pnm__fromdata
 0001:000C5F80       pnm__todata3
 0001:0011A94C       pok
 0001:00024B6C       pop_find
 0001:00024AE4       pop_info
 0001:000E65C8       ppMerge24FAST
 0001:000C4100       ppm__fromdata
 0001:000C396C       ppm__todata3
 0002:000519B8       prgsettings
 0001:0010EF38       printer__count
 0001:0010EB88       printer__default
 0001:0010EF24       printer__have
 0001:0010EC10       printer__init
 0002:00001248       programbanner
 0002:0000124C       programbanner2
 0002:0000F8EC       programfile_bough_jpg
 0002:00016414       programfile_Flower_jpg
 0002:000051F4       programfile_foliage_jpg
 0001:001109B0       programname
 0001:00110A28       programnewinstance
 0001:00110AD0       programpaid
 0001:00110B38       programpaid_store
 0001:00110AA8       programslogan
 0001:00110A04       programversion
 0001:001109D8       programwebname
 0002:00000AF0       program_icon20h
 0002:000000AC       program_icon24h
 0002:0000123C       program_icon24hB
 0002:00001240       program_icon24hC
 0002:00001244       program_icon24hD
 0001:00110828       ptr__copy
 0001:0011080C       ptr__shift
 0001:000016A8       Randomize
 0002:00054028       RandSeed
 0002:001A3AC8       ref65025_div_255
 0001:000E42CC       ref_count
 0001:000E4250       ref_id
 0001:000E435C       ref_proc
 0001:000E4314       ref_use
 0001:000E46BC       ref_val0255
 0001:000E44F0       ref_val32
 0001:000E41D0       ref_valid
 0001:000E48B0       ref_valrange32
 0001:00002CE0       RegisterModule
 0001:0012CACC       reg__readval
 0001:0011A550       restrict32
 0001:0011A4B8       restrict64
 0001:000E4E14       rgba0__int
 0001:000E4E48       rgba__int
 0001:0012D060       root__priority
 0001:0012D080       root__setpriority
 0001:0012D0D0       root__settimeperiod
 0001:0012D124       root__stoptimeperiod
 0001:00110848       rthtranslate
 0001:0011FC1C       runLOW
 0001:0001E3C0       sbwp
 0001:0001E384       sbwpok
 0001:0011ABE4       scn__canpaint
 0001:0011AA2C       scn__changed
 0001:0011ABD0       scn__height
 0001:0011ABF8       scn__paint
 0001:0011AC6C       scn__settitle
 0001:0011ABA8       scn__visible
 0001:0011ABBC       scn__width
 0001:0011AC4C       scn__windowcls
 0001:0011AC10       scn__windowsize
 0001:0012CF14       service__coderesponder3
 0001:0012CDF4       service__makecodehandler2
 0001:0012CFA0       service__sendstatus4
 0001:0012CD38       service__start1
 0001:00011E44       sfromname
 0001:00116830       showbasic
 0001:00116850       showbasic2
 0001:001168E4       showerror
 0001:00116904       showerror2
 0001:00024BB4       showerror8
 0001:0001AABC       siClose
 0001:0001A9BC       siCloseprompt
 0002:000516DC       sicloseprompting
 0002:000516E0       sicloseviapostDONE
 0001:00019C78       sicolors
 0001:00019A60       sicolors_find
 0001:00019A18       sicolors_name
 0001:0001B3E4       siFiltersettings
 0001:000186AC       sifindframe
 0001:0001B0C8       siFontname2_deffont
 0001:000188AC       siframes
 0002:000516E4       sihalted
 0001:0001AC0C       siLoadprgsettings
 0001:0001AAD0       siLoadsyssettings
 0001:0001AD60       siLoadsyssettingsfrom
 0001:0001B0A4       siSaveallsettings
 0001:0001B004       siSaveprgsettings
 0001:0001AF64       siSavesyssettings
 0001:0011E180       smallest32
 0001:0011E50C       smallest64
 0001:000E05BC       sparkle__fill
 0001:000E0620       sparkle__start
 0001:000E0634       sparkle__stop
 0001:000E0664       sparkle__uniquestart
 0001:0011046C       splash__findvalue
 0001:00018468       stableobj
 0002:00051708       stlastschemedata
 0001:0011E220       strbol
 0001:0011A114       strbyte1
 0001:00024EB0       strbyte1x
 0001:00119E64       strcopy0
 0001:00119F80       strcopy1
 0001:00024E30       strcopy1x
 0001:0011F25C       strdec
 0001:0011A188       strdef
 0001:0011A1D4       strdefb
 0001:0011A0A4       strdel1
 0001:0011E2CC       strint
 0001:0011E544       strint32
 0001:0011E5C4       strint64
 0001:00119044       stripwhitespace
 0001:00118F94       stripwhitespace_lt
 0001:00118BC0       strlow
 0001:00118CF8       strmatch
 0001:00118D1C       strmatch2
 0001:00118E04       strmatch32
 0002:00051700       stroffset
 0001:0011A468       strtofloatex
 0001:00118C5C       strup
 0001:0011431C       str__aadd
 0001:00113E40       str__add
 0001:00113E74       str__add3
 0001:00113EBC       str__add31
 0001:00114410       str__addbyt1
 0001:001144A0       str__addint4
 0001:00113E08       str__addrec
 0001:0011443C       str__addsmi2
 0001:00114478       str__addwrd2
 0001:00112B8C       str__af
 0001:001141B4       str__as8
 0001:001141EC       str__asame2
 0001:0011421C       str__asame3
 0001:00112AE0       str__autofree
 0001:00115004       str__byt1
 0001:00114B90       str__bytes0
 0001:00114C14       str__bytes1
 0001:00115320       str__c24
 0001:001153CC       str__c32
 0001:00115294       str__c8
 0001:001130BC       str__clear
 0001:001130A8       str__free
 0001:00115814       str__fromb64
 0001:0011583C       str__fromb642
 0001:00114070       str__ins2
 0001:00115190       str__int4
 0001:00114178       str__is8
 0001:00112C38       str__len
 0001:00112934       str__lock
 0001:001129B0       str__lock2
 0001:00112D10       str__minlen
 0001:00114F4C       str__movefrom
 0001:00114E20       str__moveto
 0001:00112ED8       str__new8
 0001:00112F68       str__new8b
 0001:00112F20       str__new9
 0001:00112FF8       str__newaf8
 0001:00113048       str__newaf8b
 0001:00112FC4       str__newlen8
 0001:001128E8       str__newsametype
 0001:00115BFC       str__nextline0
 0001:00112898       str__ok
 0001:00113F34       str__padd
 0001:00114B0C       str__pbytes0
 0001:00113F78       str__pins2
 0001:001146C8       str__sadd
 0001:00114A10       str__seekpos
 0001:00115088       str__setbyt1
 0001:00114D1C       str__setbytes0
 0001:00114D9C       str__setbytes1
 0001:00115214       str__setint4
 0001:00112DF4       str__setlen
 0001:00114C9C       str__setpbytes0
 0001:00114A88       str__setseekpos
 0001:0011474C       str__settext
 0001:00114988       str__sml2
 0001:00114828       str__str0
 0001:00115470       str__tob642
 0001:001154A4       str__tob643
 0001:00112A88       str__uaf
 0001:00112AA8       str__uaf2
 0001:001129EC       str__unlock
 0001:00112A68       str__unlockautofree
 0001:00115108       str__wrd2
 0001:001144C8       str__writeto1
 0001:001145C8       str__writeto1b
 0002:00051704       stschemedata
 0001:00119734       sub32
 0001:001193B4       sub64
 0001:00118F04       swapchars
 0002:0018F954       sysback_canadjust
 0002:0018FE04       sysback_cancolorise
 0002:00190DA4       sysback_canfstep
 0002:0019195C       sysback_canfwobble
 0002:001905D4       sysback_canhstep
 0002:0019118C       sysback_canhwobble
 0002:001901EC       sysback_canspeed
 0002:0018FA1C       sysback_canstrength
 0002:001909BC       sysback_canvstep
 0002:00191574       sysback_canvwobble
 0002:0018FECC       sysback_colorise
 0002:00192064       sysback_coloriseDEF
 0002:00051940       sysback_count
 0002:0018F56C       sysback_datafromfile
 0002:0018EF2C       sysback_datafromptr
 0002:00190E6C       sysback_fstep
 0002:00192CE4       sysback_fstepDEF
 0002:00191A24       sysback_fwobble
 0002:00193644       sysback_fwobbleDEF
 0002:0019069C       sysback_hstep
 0002:001926A4       sysback_hstepDEF
 0002:00191254       sysback_hwobble
 0002:00193004       sysback_hwobbleDEF
 0002:0018F88C       sysback_iscustom
 0002:0018EC0C       sysback_name
 0002:001902B4       sysback_speed
 0002:00192384       sysback_speedDEF
 0002:0018FAE4       sysback_strength
 0002:00191D44       sysback_strengthDEF
 0002:00190A84       sysback_vstep
 0002:001929C4       sysback_vstepDEF
 0002:0019163C       sysback_vwobble
 0002:00193324       sysback_vwobbleDEF
 0001:00011CAC       sysback__canadjust
 0001:00010A88       sysback__clear
 0001:00011784       sysback__enforcerange
 0001:00010E94       sysback__findbyname
 0001:00010C98       sysback__findnameid
 0001:00011A38       sysback__getval2
 0001:00011AD4       sysback__getval3
 0001:0000F678       sysback__init
 0001:00010F78       sysback__loadfrom
 0001:00011380       sysback__readvals
 0001:00011034       sysback__saveto
 0001:000118C4       sysback__setval2
 0001:00011730       sysback__usedindex
 0001:00011124       sysback__writevals
 0002:000519C4       sysbox
 0002:001B5688       sysbyteid
 0002:001B5B38       sysbyteobj
 0002:001B5CC8       sysbytepos
 0002:001B5624       sysbytestyle
 0002:001B5818       sysbytetime
 0002:00052E64       sysclicktime
 0002:00051978       sysclose_count
 0002:000518B4       syscode
 0002:000519FC       sysdic_id
 0002:000519F8       sysdic_idref
 0002:000519E0       sysdic_main
 0002:000519EC       sysdic_main_use
 0002:000519E4       sysdic_sup1
 0002:000519F0       sysdic_sup1_use
 0002:000519E8       sysdic_sup2
 0002:000519F4       sysdic_sup2_use
 0002:00051A38       sysdlg_popcolor_color
 0002:00051A3C       sysdlg_popcolor_page
 0002:00052E84       sysdowntime
 0002:000519A4       sysfast_blaiz
 0002:0005199C       sysfast_desktop
 0002:000519A0       sysfast_programs
 0002:0005198C       sysfast_root
 0002:00051994       sysfast_schemes
 0002:00051990       sysfast_settings
 0002:00051998       sysfast_startmenu
 0002:00051958       sysfile_background
 0002:0005195C       sysfile_background_openfilter
 0002:00051944       sysfile_colorscheme
 0002:00051950       sysfile_cursor
 0002:00051954       sysfile_cursor_openfilter
 0002:00051948       sysfile_teaimg
 0002:0005194C       sysfile_teaimg_openfilter
 0002:00051938       sysfind_cmd
 0002:0005193C       sysfind_dlgshowing
 0002:00051930       sysfind_handler
 0002:00051934       sysfind_text
 0002:0005196C       sysflash
 0002:00051970       sysflash_timer
 0002:0018D140       sysfont_avew
 0002:0018CEC0       sysfont_data
 0002:0018CF60       sysfont_dref
 0002:0018D280       sysfont_maxw
 0002:0018D1E0       sysfont_minw
 0002:0018D000       sysfont_time
 0001:00001098       SysFreeMem
 0001:00000F10       SysGetMem
 0002:00002044       syshelp
 0002:00051A40       syshis_last
 0002:001950D4       syshis_nam
 0002:00198FF4       syshis_ref1
 0002:0019CE74       syshis_ref2
 0002:00195174       syshis_val
 0001:00003630       SysInit
 0002:001B4FE0       sysintid
 0002:001B5490       sysintobj
 0002:001B5620       sysintpos
 0002:001B4F7C       sysintstyle
 0002:001B5170       sysinttime
 0002:00052E5C       syskeytime
 0002:001C9F38       sysleak_counter
 0002:001C9EC0       sysleak_label
 0002:001C9FB0       sysleak_show
 0002:001BE340       sysleak_start
 0002:001C4100       sysleak_stop
 0002:00193964       syslist
 0002:000519A8       syslist_tep20
 0002:0018D3C0       sysmenu_hover
 0002:0018D320       sysmenu_name
 0002:0018D370       sysmenu_pos
 0002:0018D4B0       sysmenu_ref64
 0002:0018D460       sysmenu_selcount
 0002:0018D410       sysmenu_selstart
 0002:000519C0       sysmore
 0002:00051894       sysmouse_down
 0002:00051884       sysmouse_downxy
 0002:00051880       sysmouse_fine
 0002:0005188C       sysmouse_movexy
 0002:00052E6C       sysmovetime
 0002:00052E74       sysmovetime_global
 0002:00052E7C       sysmovetime_globalx
 0002:00052E80       sysmovetime_globaly
 0002:000518AC       sysnewid
 0002:000518B0       sysnewid1
 0002:000518A8       sysnewnameid
 0001:00050A10       sysprogram
 0001:00050A34       sysprogram_monitorindex
 0001:0000140C       SysReallocMem
 0002:000519B4       syssettings
 0002:00051928       sysstatus_blaizfolder
 0002:0005192C       sysstatus_blaizfolder_setpert
 0002:00051924       sysstatus_encrypt
 0002:0005191C       sysstatus_fromfile
 0001:00014BF4       sysstatus_setpert
 0001:00014B7C       sysstatus_settext
 0001:00014C2C       sysstatus_stopped
 0002:00051920       sysstatus_tofile
 0001:00003418       System
 0002:000518FC       system_blackwhitecount
 0002:00052DD0       system_boot
 0002:00052DD8       system_boot_date
 0002:00051918       system_colorcount
 0002:0018DDFC       system_colordata
 0002:0018D94C       system_colorname
 0002:0018E75C       system_colorval1
 0002:0018D550       system_cursor
 0002:00051898       system_cursorchanged
 0002:000519CC       system_cursorcolor1
 0002:000519D0       system_cursorcolor2
 0002:0018D558       system_cursorlist
 0002:000519C8       system_cursorname
 0002:0018D554       system_cursorREF
 0002:000519D8       system_cursorref64
 0002:000519D4       system_cursorsize
 0002:00052CF8       system_dayOfweek
 0002:00052D14       system_dayOfweek_abrv
 0002:00052EF8       system_debugPaintcount
 0002:00052F00       system_debugPainttime
 0002:0018D564       system_debugrows
 0002:000518A4       system_debugrows_count
 0002:00052F08       system_debug_str1
 0002:00052F0C       system_debug_str2
 0002:000518D8       system_defaultcolors
 0002:001B5CCC       system_default_ai
 0002:0018CE64       system_default_ai
 0002:00052DE0       system_ecomode_pause
 0002:00052DAC       system_eventdriven
 0002:00052474       system_filecache_active
 0002:00052470       system_filecache_count
 0002:00052468       system_filecache_filecount
 0002:0005245C       system_filecache_limit
 0002:001B842C       system_filecache_slot
 0002:00052460       system_filecache_timer
 0002:00052DC4       system_firsttimer
 0002:00052E14       system_fontlist_printer
 0002:00052E10       system_fontlist_screen
 0002:0018D7BC       system_framecode
 0002:00051914       system_framecount
 0002:0018D62C       system_framename
 0002:000518A0       system_guiactive
 0002:0005189C       system_guifirst
 0002:00052ED0       system_ia_useroptions_suppress_all
 0002:00052ED4       system_ia_useroptions_suppress_masklist
 0002:000518D0       system_instanceid
 0002:000518D4       system_instanceidREF
 0002:000A26B4       system_ipsec_slot
 0002:00052DC8       system_lasttimer
 0002:00052E48       system_line_str
 0002:0018D604       system_list
 0002:0001BFB0       system_log_cache
 0002:0001BFB4       system_log_cachetime
 0002:0001BFA8       system_log_datename
 0002:0001BFA0       system_log_folder
 0002:0001BFC0       system_log_gmtnowstr
 0002:0001BFBC       system_log_gmtoffset
 0002:0001BFA4       system_log_name
 0002:0001BFAC       system_log_safename
 0002:00052E2C       system_message_count
 0002:00052DA4       system_min32_val
 0002:001E3898       system_monitors_area
 0002:00052EF0       system_monitors_count
 0002:00052ED8       system_monitors_dpiAwareV2
 0002:00052EE0       system_monitors_EnumDisplayMonitors
 0002:00052EE8       system_monitors_GetDpiForMonitor
 0002:00052EE4       system_monitors_GetMonitorInfoA
 0002:001E3708       system_monitors_hmonitor
 0002:00052EDC       system_monitors_init
 0002:001E4518       system_monitors_primary
 0002:00052EF4       system_monitors_primaryindex
 0002:001E457C       system_monitors_scale
 0002:00052EEC       system_monitors_SetLayeredWindowAttributes
 0002:001E470C       system_monitors_totalarea
 0002:001E471C       system_monitors_totalworkarea
 0002:001E3ED8       system_monitors_workarea
 0002:00052C98       system_month
 0002:00052CC8       system_month_abrv
 0002:00052D90       system_ms64_init
 0002:00052D94       system_ms64_last
 0002:00052D9C       system_ms64_offset
 0002:000518BC       system_mustalign
 0002:00052DB8       system_musthalt
 0002:000518C0       system_mustid
 0002:000518C4       system_mustidSLOW
 0002:000518B8       system_mustpaint
 0002:0001BF98       system_net_count
 0002:0001BF94       system_net_session
 0002:000544B4       system_net_slot
 0002:0001BF9C       system_net_sock
 0002:00052DCC       system_nographics
 0002:000518DC       system_onshowoptions1
 0002:000518E4       system_onshowoptions2
 0002:000518F4       system_onshowoptionsCLOSEDELAY
 0002:000518F8       system_onshowoptionsINITPAGENAME
 0002:000518F0       system_onshowoptionsNEWHEIGHT
 0002:000518EC       system_onshowoptionsNEWWIDTH
 0002:00051964       system_options_pos1
 0002:00051960       system_options_str1
 0002:00052DF4       system_osbuild
 0002:00052DE8       system_osid
 0002:00052DEC       system_osmajver
 0002:00052DF0       system_osminver
 0002:00052DF8       system_osstr
 0002:00052ECC       system_paid
 0002:000519B0       system_patchcornerh
 0002:000519AC       system_patchcornerw
 0002:00052DBC       system_pause
 0002:00193A04       system_plus0
 0002:00193A08       system_plus1
 0002:00193A0C       system_plus2
 0002:00193A10       system_plus3
 0002:00193A14       system_plus4
 0002:00193A18       system_plus5
 0002:00193A1C       system_plus6
 0002:00193A20       system_plus7
 0002:00193A24       system_plus8
 0002:00193A28       system_plus9
 0002:00052E04       system_printerattr
 0002:00052DFC       system_printerlist
 0002:00052E00       system_printerserv
 0002:00052E08       system_printer_devicetimeout
 0002:00052E0C       system_printer_retrytimeout
 0002:000518C8       system_program
 0002:00051904       system_realtime64
 0002:0005190C       system_realtime642
 0002:00051900       system_realtimeSYNCING
 0002:00052DB0       system_runstyle
 0002:00052E34       system_scn_height
 0002:001CAC74       system_scn_lines
 0002:00052E3C       system_scn_mustpaint
 0002:00052E38       system_scn_ref
 0002:00052E44       system_scn_ref1
 0002:00052E40       system_scn_visible
 0002:00052E30       system_scn_width
 0002:00051A84       system_screenlogpixels
 0002:001CAC40       system_servicestatus
 0002:00052DC0       system_servicestatush
 0002:001CAC5C       system_servicetable
 0002:00052E18       system_settings
 0002:00052E24       system_settings_filt
 0002:00052E20       system_settings_load
 0002:00052E1C       system_settings_ref
 0002:00051A90       system_sparklecount
 0002:001B5D14       system_sparklelist
 0002:00051A88       system_sparklepos
 0002:00051A8C       system_sparkleref
 0002:00051A44       system_started
 0002:000516D8       system_started
 0002:00051A80       system_started
 0002:00053008       system_started
 0002:00052458       system_started
 0002:0001BF90       system_started
 0002:00052D68       system_started
 0002:00052DB4       system_state
 0002:001CAD64       system_stdin
 0002:00052EC8       system_storeapp
 0002:00052E4C       system_timeperiod
 0002:00052E94       system_timer1
 0002:00052E9C       system_timer2
 0002:00052EA4       system_timer3
 0002:00052EAC       system_timer4
 0002:00052EB4       system_timer5
 0002:00052EBC       system_timer500
 0002:00052E50       system_turbo
 0002:00052E54       system_turboref
 0002:000518CC       system_winepresent
 0002:00052E28       system_wproc
 0002:00053010       system_xbox_getstate
 0002:0005300C       system_xbox_init
 0002:001E4730       system_xbox_retryref64
 0002:00053014       system_xbox_setstate
 0002:001E496C       system_xbox_setstatelist
 0002:001E4750       system_xbox_statelist
 0001:00050E40       system__exclude
 0001:00050F78       system__findbyformhandle
 0001:00050DC8       system__include
 0001:00050D8C       system__setontop
 0001:00050E90       system__sync
 0001:000512A0       system__windowproc
 0002:001CB068       systhread_buffer
 0002:001CAFC8       systhread_bufferid
 0002:001CAFF0       systhread_bufferid2
 0002:001CB040       systhread_bufferlen
 0002:001CB018       systhread_cmd
 0002:001CAE38       systhread_fast64
 0002:001CAD8C       systhread_handle
 0002:001CADB4       systhread_id
 0002:00052EC4       systhread_initall
 0002:001CAE88       systhread_lag
 0002:001CAF28       systhread_lagref
 0002:001CAED8       systhread_lastlag
 0002:001CAD80       systhread_muststop
 0002:001CAD74       systhread_ready
 0002:001CAF78       systhread_ref1000
 0002:001CAD68       systhread_running
 0002:001CADDC       systhread_timerid
 0002:001CAE04       systhread_timerms
 0002:001CAE2C       systhread_usingtimer
 0001:00113500       systhread__canstop
 0001:001135F4       systhread__fast
 0001:00113188       systhread__initall
 0001:00113AE8       systhread__mustreply
 0001:001137AC       systhread__push
 0001:0011399C       systhread__pushfinish
 0001:00113838       systhread__pushstart
 0001:00113BF0       systhread__reply
 0001:00113648       systhread__setfast
 0001:00113D44       systhread__slotOK
 0001:001132D0       systhread__start
 0001:00113540       systhread__stop
 0001:00113560       systhread__stopall
 0001:00113D6C       systhread__stoptimer
 0001:0011368C       systhread__synclag
 0001:00113D28       systhread__timerproc
 0002:00051A08       systimer1000
 0002:00051A00       systimer64
 0002:00051A18       systimerLAG
 0002:00051A30       systimerlagref
 0002:00051A28       systimerlastlag
 0002:00051A20       systimerlasttick
 0002:00051A10       systimerTICK
 0002:0019438C       systimer_busy
 0002:00194454       systimer_delay
 0002:0005197C       systimer_enabled
 0002:00193D4C       systimer_event
 0002:00193A2C       systimer_owner
 0002:00194A94       systimer_ref64
 0002:001B4DE8       systmpbmp
 0002:001B4938       systmpid
 0002:001B4F78       systmppos
 0002:001B48D4       systmpstyle
 0002:001B4AC8       systmptime
 0002:00052F10       systrack_backupcount
 0002:00051980       syswait_focus
 0002:00052E8C       syswheeltime
 0002:001C9FB4       sys_crc32
 0002:00052DA8       sys_initcrc32
 0002:00051968       sys_sndvol32
 0001:000055A4       tapp.create
 0001:000067EC       tapp.destroy
 0001:000073AC       tapp.xloadsettings
 0001:0000781C       tapp.xsavesettings
 0001:00008B18       tapp.__ontimer
 0001:000B193C       taudiobasic.wkAdjustVolume
 0001:000B1ED8       taudiobasic.wkMaxV
 0001:00052508       tbackgroundmanager.canadjust
 0001:00052A08       tbackgroundmanager.canclearimage
 0001:0005270C       tbackgroundmanager.canpasteimage
 0001:00052878       tbackgroundmanager.canselectimage
 0001:00052AAC       tbackgroundmanager.clearimage
 0001:00051804       tbackgroundmanager.create
 0001:000519D0       tbackgroundmanager.destroy
 0001:00052DC4       tbackgroundmanager.findbyname
 0001:00052D6C       tbackgroundmanager.findnameid
 0001:00052D44       tbackgroundmanager.getbackgroundname
 0001:00052554       tbackgroundmanager.getcolorise
 0001:00052CD4       tbackgroundmanager.getcount
 0001:0005265C       tbackgroundmanager.getfstep
 0001:00052688       tbackgroundmanager.getfwobble
 0001:000525AC       tbackgroundmanager.gethstep
 0001:000525D8       tbackgroundmanager.gethwobble
 0001:0005393C       tbackgroundmanager.getname
 0001:00052580       tbackgroundmanager.getspeed
 0001:0005252C       tbackgroundmanager.getstrength
 0001:00052604       tbackgroundmanager.getvstep
 0001:00052630       tbackgroundmanager.getvwobble
 0001:00052BC8       tbackgroundmanager.initmask
 0001:000526D4       tbackgroundmanager.inuse
 0001:00053978       tbackgroundmanager.iscustom
 0001:000537FC       tbackgroundmanager.mustpaint
 0001:00051B0C       tbackgroundmanager.nint
 0001:00052324       tbackgroundmanager.nint__onvalue
 0001:00052428       tbackgroundmanager.nint__onvalueDEF
 0001:00052864       tbackgroundmanager.nomask
 0001:00052E18       tbackgroundmanager.paintinit
 0001:00052734       tbackgroundmanager.pasteimage
 0001:000528A0       tbackgroundmanager.selectimage
 0001:00052CEC       tbackgroundmanager.setbackgroundname
 0001:0005385C       tbackgroundmanager.setitemindex
 0001:000526B4       tbackgroundmanager.storevals
 0001:00052244       tbackgroundmanager.sync_panel
 0001:000530D0       tbackgroundmanager.xmusttimer
 0001:000530F4       tbackgroundmanager.xtimer
 0001:00050A6C       tbasicapp.create
 0001:00050C24       tbasicapp.createfinish
 0001:00050C40       tbasicapp.destroy
 0001:00050CC4       tbasicapp.rootwin
 0001:00050D08       tbasicapp.xloadsettings
 0001:00050D14       tbasicapp.xsavesettings
 0001:00050D20       tbasicapp.__ontimer
 0001:000858C0       tbasicbwp.claudesupport
 0001:0008304C       tbasicbwp.create
 0001:00083090       tbasicbwp.create2
 0001:000833E0       tbasicbwp.destroy
 0001:00085998       tbasicbwp.getcore
 0001:00085E8C       tbasicbwp.getpos
 0001:00085854       tbasicbwp.getreadonly
 0001:000834B8       tbasicbwp.getundoenabled
 0001:00085C5C       tbasicbwp.ioget
 0001:00085DE8       tbasicbwp.iogettxt
 0001:000859B4       tbasicbwp.ioset2
 0001:000859EC       tbasicbwp.ioset3
 0001:00085DC0       tbasicbwp.iosetbwp
 0001:0008588C       tbasicbwp.makeviewonly
 0001:00083900       tbasicbwp.makexxx
 0001:00083BE8       tbasicbwp.revertinit
 0001:00083B20       tbasicbwp.scrollto
 0001:00085E1C       tbasicbwp.setpos
 0001:00085870       tbasicbwp.setreadonly
 0001:00083A18       tbasicbwp.setsyscols
 0001:000834D4       tbasicbwp.setundoenabled
 0001:00085FDC       tbasicbwp.setusepagecolor
 0001:00085734       tbasicbwp.setwrap
 0001:000857A8       tbasicbwp.setwrapreadonly
 0001:00084B34       tbasicbwp.showmenuClick
 0001:00083CB0       tbasicbwp.showmenuFill
 0001:000857C4       tbasicbwp.syncdef
 0001:00083570       tbasicbwp.undoclear
 0001:000835A4       tbasicbwp.undoon
 0001:00083A90       tbasicbwp.vscrolltopos
 0001:000835B8       tbasicbwp.xact
 0001:00086428       tbasicbwp.xwordcoretimer
 0001:00087414       tbasicbwp._onalign
 0001:00086164       tbasicbwp._onnotify
 0001:00086788       tbasicbwp._onpaint
 0001:00086010       tbasicbwp._onshortcut
 0001:0008640C       tbasicbwp._ontimer
 0001:000875D0       tbasiccolor.create
 0001:00087650       tbasiccolor.create2
 0001:000877AC       tbasiccolor.destroy
 0001:00087934       tbasiccolor.getalignheight
 0001:000879A8       tbasiccolor.getalignwidth
 0001:0008788C       tbasiccolor.setcolor
 0001:00087844       tbasiccolor.setcolor24
 0001:00087E0C       tbasiccolor.showmenu
 0001:00087B5C       tbasiccolor._onnotify
 0001:00088918       tbasiccolor._onpaint
 0001:000879C4       tbasiccolor._onshortcut
 0001:00082C5C       tbasiccolormatrix.create2
 0001:00082DB8       tbasiccolormatrix.destroy
 0001:00082FFC       tbasiccolormatrix.setcolor
 0001:00082EFC       tbasiccolormatrix._onnotify
 0001:00082E4C       tbasiccolormatrix._onpaint
 0001:000AA328       tbasiccolors.addcol1
 0001:000AA2B8       tbasiccolors.addtitle
 0001:000AA1DC       tbasiccolors.clear
 0001:000A8944       tbasiccolors.create
 0001:000A8988       tbasiccolors.create2
 0001:000A8AEC       tbasiccolors.destroy
 0001:000AA178       tbasiccolors.findidx
 0001:000A8DE4       tbasiccolors.fromsys
 0001:000AA6E0       tbasiccolors.getalignheight
 0001:000A98E4       tbasiccolors.getcol
 0001:000AA66C       tbasiccolors.lineheight
 0001:000AA6C4       tbasiccolors.lineheight2
 0001:000AA77C       tbasiccolors.makesystem
 0001:000A9ECC       tbasiccolors.setcol
 0001:000AA124       tbasiccolors.setcol1
 0001:000A9EF0       tbasiccolors.setcol3
 0001:000A97A4       tbasiccolors.setdata
 0001:000A98A4       tbasiccolors.setitemsperline
 0001:000A8E94       tbasiccolors.tosys
 0001:000AA39C       tbasiccolors.xadd
 0001:000A8B7C       tbasiccolors.xreadfrom
 0001:000ABA38       tbasiccolors._onnotify
 0001:000AB128       tbasiccolors._onpaint
 0001:000AA500       tbasiccolors._ontimer
 0001:0007DA10       tbasiccols.canautoheight
 0001:0007D6F4       tbasiccols.create
 0001:0007D73C       tbasiccols.create2
 0001:0007D8A8       tbasiccols.destroy
 0001:0007DAC8       tbasiccols.getalignheight
 0001:0007DC34       tbasiccols.getcols2
 0001:0007DC64       tbasiccols.getcols3
 0001:0007DE4C       tbasiccols.getremcount
 0001:0007D974       tbasiccols.makeautoheight
 0001:0007D934       tbasiccols.makecol
 0001:0007DE7C       tbasiccols.setmaxsizePX
 0001:0007DE10       tbasiccols.setremcount
 0001:0007DDD0       tbasiccols.setsize
 0001:0007DC0C       tbasiccols.setstyle
 0001:0007DD5C       tbasiccols.setvis
 0001:0007E6F0       tbasiccols._onalign
 0001:0007E000       tbasiccols._ontimer
 0001:00071A08       tbasiccontrol.accept_passthru
 0001:000724E0       tbasiccontrol.ainc
 0001:000748D4       tbasiccontrol.alignallnow
 0001:000748EC       tbasiccontrol.alignnow
 0001:00074BAC       tbasiccontrol.alignpaintnow
 0001:00074874       tbasiccontrol.alignpaintnow__heightcheck
 0001:00073900       tbasiccontrol.areatohost
 0001:00071A9C       tbasiccontrol.autoshowmenu
 0001:00071AB0       tbasiccontrol.autoshowmenu2
 0001:00070F14       tbasiccontrol.background__title2
 0001:00070F98       tbasiccontrol.background__toolbar
 0001:00070FD4       tbasiccontrol.background__toolbar2
 0001:000719D0       tbasiccontrol.canaccept
 0001:000722D8       tbasiccontrol.canautoheight
 0001:00071B50       tbasiccontrol.canshowmenu
 0001:000724C8       tbasiccontrol.client
 0001:00073DAC       tbasiccontrol.clientinner
[...]
 0002:000516F4       vimustloadid
 0002:000516F8       visyssettingsloaded
 0002:000516FC       viprgsettingsloaded
 0002:00051700       stroffset
 0002:00051704       stschemedata
 0002:00051708       stlastschemedata
 0002:0005170C       vidataid
 0002:00051710       viloadid
 0002:00051714       vizoom__root
 0002:00051718       vizoom
 0002:0005171C       vifontnameraw
 0002:00051720       vifontnameraw2
 0002:00051724       vifontname
 0002:00051728       vifontname2
 0002:0005172C       vifontsize__root
 0002:00051730       vifontsize__root2
 0002:00051734       vifontsize
 0002:00051738       vifontsize2
 0002:0005173C       vifontheight
 0002:00051740       vititleheight
 0002:00051744       vititleheight2
 0002:00051748       vilineheight20
 0002:0005174C       vilinevsp
 0002:00051750       vifontwidthratio
 0002:00051754       vitabratio
 0002:00051758       viscrollsize__root
 0002:0005175C       viscrollsize
 0002:00051760       viwheelspeed
 0002:00051764       vitouch
 0002:00051768       vitouchsize20
 0002:0005176C       vidoubleclicks
 0002:00051770       viframemax
 0002:00051774       vidragtrigger
 0002:00051778       vidragtriggerfine
 0002:0005177C       viround
 0002:00051780       vimultimonitor
 0002:00051784       vidragfast
 0002:00051788       visoftclose
 0002:0005178C       vifeather
 0002:00051790       vifeatherf
 0002:00051794       visafearea
 0002:00051798       visplash
 0002:0005179C       vihelp
 0002:000517A0       vihint
 0002:000517A4       viontop
 0002:000517A8       vihelp_bw
 0002:000517AC       vihelp_show
 0002:000517B0       vihelp_max
 0002:000517B4       viecomode
 0002:000517B8       virows
 0002:000517BC       vi32bit
 0002:000517C0       viemboss
 0002:000517C4       vistartlink
 0002:000517C8       videsktoplink
 0002:000517CC       vistartuplink
 0002:000517D0       vistartstyle
 0002:000517D4       vispecialcolors
 0002:000517D8       vicolorname
 0002:000517DC       visparkle
 0002:000517E0       vibrightness
 0002:000517E4       visafestrength
 0002:000517E8       vimaintainhighlight
 0002:000517EC       viminimiseeffect
 0002:000517F0       vibordersize__temp
 0002:000517F4       vibordersize__root
 0002:000517F8       vibordersize
 0002:000517FC       vifocusedopacity
 0002:00051800       viunfocusedopacity
 0002:00051804       viopacityspeed
 0002:00051808       viLockposition
 0002:0005180C       viWinemode
 0002:00051810       viWine
 0002:00051814       vimodern
 0002:00051818       visleekHead
 0002:0005181C       visleekAssitedscroll
 0002:00051820       visleekHighlight
 0002:00051824       visleekHeadtext
 0002:00051828       visleekImages
 0002:0005182C       visleekGradient
 0002:00051830       viStartupdone
 0002:00051834       viMaster
 0002:00051838       vimididevice
 0002:0005183C       vimidideviceNEW
 0002:00051840       viwavedevice
 0002:00051844       viwavedeviceNEW
 0002:00051848       viframename
 0002:0005184C       viframeCODE
 0002:00051850       viframeID
 0002:00051854       viFrameminsize
 0002:00051858       vibackname
 0002:0005185C       visyncevent
 0002:00051864       viheadcenter
 0002:00051868       viheadalign
 0002:0005186C       debug_junk1
 0002:00051870       debug_basicdebug_areacheck
 0002:00051874       debug_basicdebug_areafail_count
 0002:00051878       debug_basicdebug_areaoverlap_count
 0002:0005187C       debug_basicdebug_int1
 0002:00051880       sysmouse_fine
 0002:00051884       sysmouse_downxy
 0002:0005188C       sysmouse_movexy
 0002:00051894       sysmouse_down
 0002:00051898       system_cursorchanged
 0002:0005189C       system_guifirst
 0002:000518A0       system_guiactive
 0002:000518A4       system_debugrows_count
 0002:000518A8       sysnewnameid
 0002:000518AC       sysnewid
 0002:000518B0       sysnewid1
 0002:000518B4       syscode
 0002:000518B8       system_mustpaint
 0002:000518BC       system_mustalign
 0002:000518C0       system_mustid
 0002:000518C4       system_mustidSLOW
 0002:000518C8       system_program
 0002:000518CC       system_winepresent
 0002:000518D0       system_instanceid
 0002:000518D4       system_instanceidREF
 0002:000518D8       system_defaultcolors
 0002:000518DC       system_onshowoptions1
 0002:000518E4       system_onshowoptions2
 0002:000518EC       system_onshowoptionsNEWWIDTH
 0002:000518F0       system_onshowoptionsNEWHEIGHT
 0002:000518F4       system_onshowoptionsCLOSEDELAY
 0002:000518F8       system_onshowoptionsINITPAGENAME
 0002:000518FC       system_blackwhitecount
 0002:00051900       system_realtimeSYNCING
 0002:00051904       system_realtime64
 0002:0005190C       system_realtime642
 0002:00051914       system_framecount
 0002:00051918       system_colorcount
 0002:0005191C       sysstatus_fromfile
 0002:00051920       sysstatus_tofile
 0002:00051924       sysstatus_encrypt
 0002:00051928       sysstatus_blaizfolder
 0002:0005192C       sysstatus_blaizfolder_setpert
 0002:00051930       sysfind_handler
 0002:00051934       sysfind_text
 0002:00051938       sysfind_cmd
 0002:0005193C       sysfind_dlgshowing
 0002:00051940       sysback_count
 0002:00051944       sysfile_colorscheme
 0002:00051948       sysfile_teaimg
 0002:0005194C       sysfile_teaimg_openfilter
 0002:00051950       sysfile_cursor
 0002:00051954       sysfile_cursor_openfilter
 0002:00051958       sysfile_background
 0002:0005195C       sysfile_background_openfilter
 0002:00051960       system_options_str1
 0002:00051964       system_options_pos1
 0002:00051968       sys_sndvol32
 0002:0005196C       sysflash
 0002:00051970       sysflash_timer
 0002:00051978       sysclose_count
 0002:0005197C       systimer_enabled
 0002:00051980       syswait_focus
 0002:00051984       cf_bwd
 0002:00051988       cf_bwp
 0002:0005198C       sysfast_root
 0002:00051990       sysfast_settings
 0002:00051994       sysfast_schemes
 0002:00051998       sysfast_startmenu
 0002:0005199C       sysfast_desktop
 0002:000519A0       sysfast_programs
 0002:000519A4       sysfast_blaiz
 0002:000519A8       syslist_tep20
 0002:000519AC       system_patchcornerw
 0002:000519B0       system_patchcornerh
 0002:000519B4       syssettings
 0002:000519B8       prgsettings
 0002:000519BC       usrdata
 0002:000519C0       sysmore
 0002:000519C4       sysbox
 0002:000519C8       system_cursorname
 0002:000519CC       system_cursorcolor1
 0002:000519D0       system_cursorcolor2
 0002:000519D4       system_cursorsize
 0002:000519D8       system_cursorref64
 0002:000519E0       sysdic_main
 0002:000519E4       sysdic_sup1
 0002:000519E8       sysdic_sup2
 0002:000519EC       sysdic_main_use
 0002:000519F0       sysdic_sup1_use
 0002:000519F4       sysdic_sup2_use
 0002:000519F8       sysdic_idref
 0002:000519FC       sysdic_id
 0002:00051A00       systimer64
 0002:00051A08       systimer1000
 0002:00051A10       systimerTICK
 0002:00051A18       systimerLAG
 0002:00051A20       systimerlasttick
 0002:00051A28       systimerlastlag
 0002:00051A30       systimerlagref
 0002:00051A38       sysdlg_popcolor_color
 0002:00051A3C       sysdlg_popcolor_page
 0002:00051A40       syshis_last
 0002:00051A44       system_started
 0002:00051A48       mmsys_midi
 0002:00051A4C       mmsys_chimes
 0002:00051A50       mmsys_wave
 0002:00051A54       mmsys_mm
 0002:00051A58       mmsys_mode
 0002:00051A5C       mmsys_mid_devicetime
 0002:00051A64       mmsys_mid_devicecount
 0002:00051A68       mmsys_mid_basevol
 0002:00051A6C       mmsys_mid_enhanced
 0002:00051A70       mmsys_wav_devicetime
 0002:00051A78       mmsys_wav_devicecount
 0002:00051A7C       mmsys_mm_lastfilename
 0002:00051A80       system_started
 0002:00051A84       system_screenlogpixels
 0002:00051A88       system_sparklepos
 0002:00051A8C       system_sparkleref
 0002:00051A90       system_sparklecount
 0002:00052458       system_started
 0002:0005245C       system_filecache_limit
 0002:00052460       system_filecache_timer
 0002:00052468       system_filecache_filecount
 0002:00052470       system_filecache_count
 0002:00052474       system_filecache_active
 0002:00052478       intdisk_inuse
 0002:0005247C       intdisk_char
 0002:00052480       intdisk_label
 0002:00052B50       globaloverride_incSIZE
 0002:00052B54       base64
 0002:00052B98       base64r
 0002:00052C98       system_month
 0002:00052CC8       system_month_abrv
 0002:00052CF8       system_dayOfweek
 0002:00052D14       system_dayOfweek_abrv
 0002:00052D30       date__FMSecsPerDay
 0002:00052D34       date__IMSecsPerDay
 0002:00052D38       date__monthdays
 0002:00052D68       system_started
 0002:00052D6C       gui__initing
 0002:00052D70       gui__running
 0002:00052D74       gui__closing
 0002:00052D78       info_mode
 0002:00052D7C       track_lastcreate
 0002:00052D80       track_lastdestroy
 0002:00052D84       track_bytes
 0002:00052D8C       track_total
 0002:00052D90       system_ms64_init
 0002:00052D94       system_ms64_last
 0002:00052D9C       system_ms64_offset
 0002:00052DA4       system_min32_val
 0002:00052DA8       sys_initcrc32
 0002:00052DAC       system_eventdriven
 0002:00052DB0       system_runstyle
 0002:00052DB4       system_state
 0002:00052DB8       system_musthalt
 0002:00052DBC       system_pause
 0002:00052DC0       system_servicestatush
 0002:00052DC4       system_firsttimer
 0002:00052DC8       system_lasttimer
 0002:00052DCC       system_nographics
 0002:00052DD0       system_boot
 0002:00052DD8       system_boot_date
 0002:00052DE0       system_ecomode_pause
 0002:00052DE8       system_osid
 0002:00052DEC       system_osmajver
 0002:00052DF0       system_osminver
 0002:00052DF4       system_osbuild
 0002:00052DF8       system_osstr
 0002:00052DFC       system_printerlist
 0002:00052E00       system_printerserv
 0002:00052E04       system_printerattr
 0002:00052E08       system_printer_devicetimeout
 0002:00052E0C       system_printer_retrytimeout
 0002:00052E10       system_fontlist_screen
 0002:00052E14       system_fontlist_printer
 0002:00052E18       system_settings
 0002:00052E1C       system_settings_ref
 0002:00052E20       system_settings_load
 0002:00052E24       system_settings_filt
 0002:00052E28       system_wproc
 0002:00052E2C       system_message_count
 0002:00052E30       system_scn_width
 0002:00052E34       system_scn_height
 0002:00052E38       system_scn_ref
 0002:00052E3C       system_scn_mustpaint
 0002:00052E40       system_scn_visible
 0002:00052E44       system_scn_ref1
 0002:00052E48       system_line_str
 0002:00052E4C       system_timeperiod
 0002:00052E50       system_turbo
 0002:00052E54       system_turboref
 0002:00052E5C       syskeytime
 0002:00052E64       sysclicktime
 0002:00052E6C       sysmovetime
 0002:00052E74       sysmovetime_global
 0002:00052E7C       sysmovetime_globalx
 0002:00052E80       sysmovetime_globaly
 0002:00052E84       sysdowntime
 0002:00052E8C       syswheeltime
 0002:00052E94       system_timer1
 0002:00052E9C       system_timer2
 0002:00052EA4       system_timer3
 0002:00052EAC       system_timer4
 0002:00052EB4       system_timer5
 0002:00052EBC       system_timer500
 0002:00052EC4       systhread_initall
 0002:00052EC8       system_storeapp
 0002:00052ECC       system_paid
 0002:00052ED0       system_ia_useroptions_suppress_all
 0002:00052ED4       system_ia_useroptions_suppress_masklist
 0002:00052ED8       system_monitors_dpiAwareV2
 0002:00052EDC       system_monitors_init
 0002:00052EE0       system_monitors_EnumDisplayMonitors
 0002:00052EE4       system_monitors_GetMonitorInfoA
 0002:00052EE8       system_monitors_GetDpiForMonitor
 0002:00052EEC       system_monitors_SetLayeredWindowAttributes
 0002:00052EF0       system_monitors_count
 0002:00052EF4       system_monitors_primaryindex
 0002:00052EF8       system_debugPaintcount
 0002:00052F00       system_debugPainttime
 0002:00052F08       system_debug_str1
 0002:00052F0C       system_debug_str2
 0002:00052F10       systrack_backupcount
 0002:00052FF8       CLSID_ShellLink
 0002:00053008       system_started
 0002:0005300C       system_xbox_init
 0002:00053010       system_xbox_getstate
 0002:00053014       system_xbox_setstate
 0002:00053018       dwin____GetDefaultPrinter_state
 0002:0005301C       dwin____GetDefaultPrinter_proc
 0002:00053020       dwin____EnumPrinters_state
 0002:00053024       dwin____EnumPrinters_proc
 0002:00054000       ExceptProc
 0002:00054004       ErrorProc
 0002:00054008       ExceptObjProc
 0002:0005400C       MainInstance
 0002:00054010       IsLibrary
 0002:00054014       CmdShow
 0002:00054018       CmdLine
 0002:0005401C       ExitCode
 0002:00054020       ExitProc
 0002:00054024       ErrorAddr
 0002:00054028       RandSeed
 0002:0005402C       IsConsole
 0002:0005402D       IsMultiThread
 0002:0005402E       FileMode
 0002:0005402F       Test8086
 0002:00054030       Test8087
 0002:00054031       TestFDIV
 0002:00054034       Input
 0002:00054200       Output
 0002:000543CC       Unassigned
 0002:000543DC       Null
 0002:000543EC       AllocMemCount
 0002:000543F0       AllocMemSize
 0002:00054498       ModuleIsLib
 0002:0005449C       TlsIndex
 0002:000544A4       HInstance
 0002:000544B4       system_net_slot
 0002:000A26B4       system_ipsec_slot
 0002:0018CD1C       vinormal
 0002:0018CDAC       vititle
 0002:0018CE3C       vimorecolors
 0002:0018CE54       debug_basicdebug_area
 0002:0018CE64       system_default_ai
 0002:0018CEAC       tsBytes
 0002:0018CEB0       tsB
 0002:0018CEB4       tsKB
 0002:0018CEB8       tsMB
 0002:0018CEBC       tsGB
 0002:0018CEC0       sysfont_data
 0002:0018CF60       sysfont_dref
 0002:0018D000       sysfont_time
 0002:0018D140       sysfont_avew
 0002:0018D1E0       sysfont_minw
 0002:0018D280       sysfont_maxw
 0002:0018D320       sysmenu_name
 0002:0018D370       sysmenu_pos
 0002:0018D3C0       sysmenu_hover
 0002:0018D410       sysmenu_selstart
 0002:0018D460       sysmenu_selcount
 0002:0018D4B0       sysmenu_ref64
 0002:0018D550       system_cursor
 0002:0018D554       system_cursorREF
 0002:0018D558       system_cursorlist
 0002:0018D564       system_debugrows
 0002:0018D604       system_list
 0002:0018D62C       system_framename
 0002:0018D7BC       system_framecode
 0002:0018D94C       system_colorname
 0002:0018DDFC       system_colordata
 0002:0018E75C       system_colorval1
 0002:0018EC0C       sysback_name
 0002:0018EF2C       sysback_datafromptr
 0002:0018F56C       sysback_datafromfile
 0002:0018F88C       sysback_iscustom
 0002:0018F954       sysback_canadjust
 0002:0018FA1C       sysback_canstrength
 0002:0018FAE4       sysback_strength
 0002:0018FE04       sysback_cancolorise
 0002:0018FECC       sysback_colorise
 0002:001901EC       sysback_canspeed
 0002:001902B4       sysback_speed
 0002:001905D4       sysback_canhstep
 0002:0019069C       sysback_hstep
 0002:001909BC       sysback_canvstep
 0002:00190A84       sysback_vstep
 0002:00190DA4       sysback_canfstep
 0002:00190E6C       sysback_fstep
 0002:0019118C       sysback_canhwobble
 0002:00191254       sysback_hwobble
 0002:00191574       sysback_canvwobble
 0002:0019163C       sysback_vwobble
 0002:0019195C       sysback_canfwobble
 0002:00191A24       sysback_fwobble
 0002:00191D44       sysback_strengthDEF
 0002:00192064       sysback_coloriseDEF
 0002:00192384       sysback_speedDEF
 0002:001926A4       sysback_hstepDEF
 0002:001929C4       sysback_vstepDEF
 0002:00192CE4       sysback_fstepDEF
 0002:00193004       sysback_hwobbleDEF
 0002:00193324       sysback_vwobbleDEF
 0002:00193644       sysback_fwobbleDEF
 0002:00193964       syslist
 0002:00193A04       system_plus0
 0002:00193A08       system_plus1
 0002:00193A0C       system_plus2
 0002:00193A10       system_plus3
 0002:00193A14       system_plus4
 0002:00193A18       system_plus5
 0002:00193A1C       system_plus6
 0002:00193A20       system_plus7
 0002:00193A24       system_plus8
 0002:00193A28       system_plus9
 0002:00193A2C       systimer_owner
 0002:00193D4C       systimer_event
 0002:0019438C       systimer_busy
 0002:00194454       systimer_delay
 0002:00194A94       systimer_ref64
 0002:001950D4       syshis_nam
 0002:00195174       syshis_val
 0002:00198FF4       syshis_ref1
 0002:0019CE74       syshis_ref2
 0002:001A0CF8       mmsys_mid_deviceok
 0002:001A0D04       mmsys_mid_devicename
 0002:001A0D30       mmsys_mid_dataref
 0002:001A0D34       mmsys_mid_ref
 0002:001A0D38       mmsys_mid_notesref
 0002:001A0D3C       mmsys_mid_chref
 0002:001A0D7C       mmsys_mid_noteref
 0002:001A117C       mmsys_mid_notevol
 0002:001A217C       mmsys_mid_notevolOUT
 0002:001A317C       mmsys_mid_notecount
 0002:001A357C       mmsys_mid_mutech
 0002:001A358C       mmsys_mid_mutenote
 0002:001A368C       mmsys_mid_mutetrack
 0002:001A388C       mmsys_mid_mutetrack_hasvol
 0002:001A3A8C       mmsys_wav_deviceok
 0002:001A3A98       mmsys_wav_devicename
 0002:001A3AC8       ref65025_div_255
 0002:001B38CC       fb255
 0002:001B40D0       fbwrap255
 0002:001B48D4       systmpstyle
 0002:001B4938       systmpid
 0002:001B4AC8       systmptime
 0002:001B4DE8       systmpbmp
 0002:001B4F78       systmppos
 0002:001B4F7C       sysintstyle
 0002:001B4FE0       sysintid
 0002:001B5170       sysinttime
 0002:001B5490       sysintobj
 0002:001B5620       sysintpos
 0002:001B5624       sysbytestyle
 0002:001B5688       sysbyteid
 0002:001B5818       sysbytetime
 0002:001B5B38       sysbyteobj
 0002:001B5CC8       sysbytepos
 0002:001B5CCC       system_default_ai
 0002:001B5D14       system_sparklelist
 0002:001B842C       system_filecache_slot
 0002:001BACCC       intdisk_name
 0002:001BAFEC       intdisk_data
 0002:001BB30C       intdisk_date
 0002:001BB94C       intdisk_readonly
 0002:001BD3A0       track_active
 0002:001BD6C0       track_create
 0002:001BD9E0       track_destroy
 0002:001BDD00       track_ratec
 0002:001BE020       track_rated
 0002:001BE340       sysleak_start
 0002:001C4100       sysleak_stop
 0002:001C9EC0       sysleak_label
 0002:001C9F38       sysleak_counter
 0002:001C9FB0       sysleak_show
 0002:001C9FB4       sys_crc32
 0002:001CA3B4       p4INT32
 0002:001CA438       p8CMP256
 0002:001CAC40       system_servicestatus
 0002:001CAC5C       system_servicetable
 0002:001CAC74       system_scn_lines
 0002:001CAD64       system_stdin
 0002:001CAD68       systhread_running
 0002:001CAD74       systhread_ready
 0002:001CAD80       systhread_muststop
 0002:001CAD8C       systhread_handle
 0002:001CADB4       systhread_id
 0002:001CADDC       systhread_timerid
 0002:001CAE04       systhread_timerms
 0002:001CAE2C       systhread_usingtimer
 0002:001CAE38       systhread_fast64
 0002:001CAE88       systhread_lag
 0002:001CAED8       systhread_lastlag
 0002:001CAF28       systhread_lagref
 0002:001CAF78       systhread_ref1000
 0002:001CAFC8       systhread_bufferid
 0002:001CAFF0       systhread_bufferid2
 0002:001CB018       systhread_cmd
 0002:001CB040       systhread_bufferlen
 0002:001CB068       systhread_buffer
 0002:001E3708       system_monitors_hmonitor
 0002:001E3898       system_monitors_area
 0002:001E3ED8       system_monitors_workarea
 0002:001E4518       system_monitors_primary
 0002:001E457C       system_monitors_scale
 0002:001E470C       system_monitors_totalarea
 0002:001E471C       system_monitors_totalworkarea
 0002:001E4730       system_xbox_retryref64
 0002:001E4750       system_xbox_statelist
 0002:001E496C       system_xbox_setstatelist


Program entry point at 0001:0012D590
